BL51 BANKED LINKER/LOCATER V6.22.2.0                                                    05/16/2020  14:51:05  PAGE 1


BL51 BANKED LINKER/LOCATER V6.22.2.0, INVOKED BY:
D:\SOFTWARES\KEIL_V5\C51\BIN\BL51.EXE .\output\DS18B20.obj, .\output\LCD12864.obj, .\output\main.obj, .\output\main_func
>> tion.obj, .\output\ZW_SZM201.obj TO .\output\zw_project PRINT (.\output\zw_project.m51) RAMSIZE (256) XDATA (0X0000-0
>> X00FF)


MEMORY MODEL: SMALL WITH FLOATING POINT ARITHMETIC


INPUT MODULES INCLUDED:
  .\output\DS18B20.obj (DS18B20)
  .\output\LCD12864.obj (LCD12864)
  .\output\main.obj (MAIN)
  .\output\main_function.obj (MAIN_FUNCTION)
  .\output\ZW_SZM201.obj (ZW_SZM201)
  D:\SOFTWARES\KEIL_V5\C51\LIB\C51FPS.LIB (?C?FPMUL)
  D:\SOFTWARES\KEIL_V5\C51\LIB\C51FPS.LIB (?C?FCAST)
  D:\SOFTWARES\KEIL_V5\C51\LIB\C51FPS.LIB (PRINTF)
  D:\SOFTWARES\KEIL_V5\C51\LIB\C51FPS.LIB (?C?FPGETOPN)
  D:\SOFTWARES\KEIL_V5\C51\LIB\C51FPS.LIB (?C?FPROUND)
  D:\SOFTWARES\KEIL_V5\C51\LIB\C51FPS.LIB (?C?FPCONVERT)
  D:\SOFTWARES\KEIL_V5\C51\LIB\C51FPS.LIB (?C?FPADD)
  D:\SOFTWARES\KEIL_V5\C51\LIB\C51FPS.LIB (?C?FPDIV)
  D:\SOFTWARES\KEIL_V5\C51\LIB\C51FPS.LIB (?C?FTNPWR)
  D:\SOFTWARES\KEIL_V5\C51\LIB\C51S.LIB (?C_STARTUP)
  D:\SOFTWARES\KEIL_V5\C51\LIB\C51S.LIB (?C?CLDPTR)
  D:\SOFTWARES\KEIL_V5\C51\LIB\C51S.LIB (?C?CLDOPTR)
  D:\SOFTWARES\KEIL_V5\C51\LIB\C51S.LIB (?C?CSTPTR)
  D:\SOFTWARES\KEIL_V5\C51\LIB\C51S.LIB (?C?LNEG)
  D:\SOFTWARES\KEIL_V5\C51\LIB\C51S.LIB (?C?PLDIIDATA)
  D:\SOFTWARES\KEIL_V5\C51\LIB\C51S.LIB (?C?CCASE)
  D:\SOFTWARES\KEIL_V5\C51\LIB\C51S.LIB (PUTCHAR)
  D:\SOFTWARES\KEIL_V5\C51\LIB\C51S.LIB (?C?STRCMP)
  D:\SOFTWARES\KEIL_V5\C51\LIB\C51S.LIB (STRLEN)
  D:\SOFTWARES\KEIL_V5\C51\LIB\C51S.LIB (?C_INIT)


LINK MAP OF MODULE:  .\output\zw_project (DS18B20)


            TYPE    BASE      LENGTH    RELOCATION   SEGMENT NAME
            -----------------------------------------------------

            * * * * * * *   D A T A   M E M O R Y   * * * * * * *
            REG     0000H     0008H     ABSOLUTE     "REG BANK 0"
            DATA    0008H     0001H     UNIT         ?DT?MAIN_FUNCTION
                    0009H     0017H                  *** GAP ***
            BIT     0020H.0   0001H.1   UNIT         _BIT_GROUP_
            BIT     0021H.1   0000H.6   UNIT         ?BI?MAIN
                    0021H.7   0000H.1                *** GAP ***
            DATA    0022H     0031H     UNIT         ?DT?MAIN
            DATA    0053H     001CH     UNIT         _DATA_GROUP_
            IDATA   006FH     0001H     UNIT         ?STACK

            * * * * * * *   C O D E   M E M O R Y   * * * * * * *
            CODE    0000H     0003H     ABSOLUTE     
            CODE    0003H     0008H     UNIT         ?PR?_SEND_ONE_BYTE?MAIN_FUNCTION
            CODE    000BH     0003H     ABSOLUTE     
BL51 BANKED LINKER/LOCATER V6.22.2.0                                                  05/16/2020  14:51:05  PAGE 2


            CODE    000EH     0015H     UNIT         ?PR?_STRLEN?STRLEN
            CODE    0023H     0003H     ABSOLUTE     
            CODE    0026H     88DBH     UNIT         ?CO?MAIN_FUNCTION
            CODE    8901H     1240H     UNIT         ?PR?MAIN?MAIN
            CODE    9B41H     0975H     UNIT         ?PR?_DISPLAY_CONTROL_SCREEN_02_00?MAIN_FUNCTION
            CODE    A4B6H     06FFH     UNIT         ?C?LIB_CODE
            CODE    ABB5H     046FH     UNIT         ?PR?PRINTF?PRINTF
            CODE    B024H     02C5H     UNIT         ?PR?EXAMINE_KEY?MAIN_FUNCTION
            CODE    B2E9H     0226H     UNIT         ?PR?_ZW_SZW201_CMD?ZW_SZM201
            CODE    B50FH     01DEH     UNIT         ?CO?MAIN
            CODE    B6EDH     01ADH     UNIT         ?PR?_CONTROL_DOOR?MAIN_FUNCTION
            CODE    B89AH     0134H     UNIT         ?PR?_DISPLAY_CONTROL_SCREEN_01?MAIN_FUNCTION
            CODE    B9CEH     0133H     UNIT         ?PR?_DISPLAY_CONTROL_SCREEN_02_02?MAIN_FUNCTION
            CODE    BB01H     00F1H     UNIT         ?PR?_LCD12864_DISPLAY_PICTURE?LCD12864
            CODE    BBF2H     00CDH     UNIT         ?PR?TIMER0_INTERRUPT?MAIN_FUNCTION
            CODE    BCBFH     00C5H     UNIT         ?PR?_DISPLAY_CONTROL_SCREEN_02_01?MAIN_FUNCTION
            CODE    BD84H     008CH     UNIT         ?C_C51STARTUP
            CODE    BE10H     0083H     UNIT         ?PR?_LCD12864_DISPLAY_CHARACTER?LCD12864
            CODE    BE93H     0081H     UNIT         ?PR?_DISPLAY_CONTROL_SCREEN_00?MAIN_FUNCTION
            CODE    BF14H     007CH     UNIT         ?PR?EXAMINE_LOCK?MAIN_FUNCTION
            CODE    BF90H     007BH     UNIT         ?PR?LCD12864_CLEAR_PICTURE?LCD12864
            CODE    C00BH     006DH     UNIT         ?C_INITSEG
            CODE    C078H     0050H     UNIT         ?PR?DISPLAY_INIT_SCREEN_01?MAIN_FUNCTION
            CODE    C0C8H     0046H     UNIT         ?PR?DISPLAY_INIT_SCREEN_00?MAIN_FUNCTION
            CODE    C10EH     0041H     UNIT         ?PR?DS18B20_COUNT_TEMPERATURE?DS18B20
            CODE    C14FH     0041H     UNIT         ?CO?ZW_SZM201
            CODE    C190H     003EH     UNIT         ?PR?DS18B20_READ_BYTE?DS18B20
            CODE    C1CEH     0036H     UNIT         ?PR?_DS18B20_WRITE_BYTE?DS18B20
            CODE    C204H     002DH     UNIT         ?PR?DS18B20_INIT?DS18B20
            CODE    C231H     002AH     UNIT         ?PR?LCD12864_INIT_CHARACTER?LCD12864
            CODE    C25BH     0027H     UNIT         ?PR?PUTCHAR?PUTCHAR
            CODE    C282H     0026H     UNIT         ?PR?UART_INTERRUPT?MAIN_FUNCTION
            CODE    C2A8H     0020H     UNIT         ?CO?LCD12864
            CODE    C2C8H     001EH     UNIT         ?PR?LCD12864_INIT_PICTURE?LCD12864
            CODE    C2E6H     001DH     UNIT         ?PR?_LCD12864_WRITE_DATA?LCD12864
            CODE    C303H     001CH     UNIT         ?PR?_LCD12864_WRITE_CMD?LCD12864
            CODE    C31FH     0018H     UNIT         ?PR?INIT_UART?MAIN_FUNCTION
            CODE    C337H     0017H     UNIT         ?PR?DS18B20_READ_TEMP?DS18B20
            CODE    C34EH     0010H     UNIT         ?PR?LCD12864_RESTART?LCD12864
            CODE    C35EH     0010H     UNIT         ?PR?LCD12864_EXAMINE_BUSY?LCD12864
            CODE    C36EH     0010H     UNIT         ?PR?INIT_TIME0?MAIN_FUNCTION
            CODE    C37EH     000DH     UNIT         ?PR?DS18B20_CHANG_TEMP_CMD?DS18B20
            CODE    C38BH     000DH     UNIT         ?PR?DS18B20_READ_TEMP_CMD?DS18B20
            CODE    C398H     000BH     UNIT         ?PR?_DELAY_10US?LCD12864



OVERLAY MAP OF MODULE:   .\output\zw_project (DS18B20)


SEGMENT                                             BIT_GROUP          DATA_GROUP 
  +--> CALLED SEGMENT                            START    LENGTH     START    LENGTH
------------------------------------------------------------------------------------
?C_C51STARTUP                                    -----    -----      -----    -----
  +--> ?PR?MAIN?MAIN
  +--> ?C_INITSEG

BL51 BANKED LINKER/LOCATER V6.22.2.0                                                  05/16/2020  14:51:05  PAGE 3


?PR?MAIN?MAIN                                    -----    -----      -----    -----
  +--> ?PR?INIT_UART?MAIN_FUNCTION
  +--> ?PR?INIT_TIME0?MAIN_FUNCTION
  +--> ?PR?LCD12864_RESTART?LCD12864
  +--> ?CO?MAIN
  +--> ?PR?_CONTROL_DOOR?MAIN_FUNCTION
  +--> ?PR?DS18B20_COUNT_TEMPERATURE?DS18B20
  +--> ?PR?_DELAY_10US?LCD12864
  +--> ?PR?_ZW_SZW201_CMD?ZW_SZM201
  +--> ?PR?DISPLAY_INIT_SCREEN_00?MAIN_FUNCTION
  +--> ?PR?EXAMINE_LOCK?MAIN_FUNCTION
  +--> ?PR?PRINTF?PRINTF
  +--> ?PR?DISPLAY_INIT_SCREEN_01?MAIN_FUNCTION
  +--> ?PR?EXAMINE_KEY?MAIN_FUNCTION
  +--> ?PR?_DISPLAY_CONTROL_SCREEN_00?MAIN_F...
  +--> ?PR?_DISPLAY_CONTROL_SCREEN_01?MAIN_F...
  +--> ?PR?_DISPLAY_CONTROL_SCREEN_02_00?MAI...
  +--> ?PR?_DISPLAY_CONTROL_SCREEN_02_01?MAI...
  +--> ?PR?LCD12864_INIT_CHARACTER?LCD12864
  +--> ?PR?_LCD12864_DISPLAY_CHARACTER?LCD12864
  +--> ?PR?_DISPLAY_CONTROL_SCREEN_02_02?MAI...

?PR?LCD12864_RESTART?LCD12864                    -----    -----      -----    -----
  +--> ?PR?_DELAY_10US?LCD12864
  +--> ?PR?_LCD12864_WRITE_CMD?LCD12864

?PR?_LCD12864_WRITE_CMD?LCD12864                 -----    -----      0060H    0001H
  +--> ?PR?LCD12864_EXAMINE_BUSY?LCD12864

?PR?_CONTROL_DOOR?MAIN_FUNCTION                  -----    -----      0053H    0004H
  +--> ?CO?MAIN_FUNCTION
  +--> ?PR?_DELAY_10US?LCD12864

?PR?DS18B20_COUNT_TEMPERATURE?DS18B20            -----    -----      0053H    0006H
  +--> ?PR?DS18B20_READ_TEMP?DS18B20

?PR?DS18B20_READ_TEMP?DS18B20                    -----    -----      0059H    0001H
  +--> ?PR?DS18B20_CHANG_TEMP_CMD?DS18B20
  +--> ?PR?DS18B20_READ_TEMP_CMD?DS18B20
  +--> ?PR?DS18B20_READ_BYTE?DS18B20

?PR?DS18B20_CHANG_TEMP_CMD?DS18B20               -----    -----      -----    -----
  +--> ?PR?DS18B20_INIT?DS18B20
  +--> ?PR?_DS18B20_WRITE_BYTE?DS18B20

?PR?DS18B20_INIT?DS18B20                         -----    -----      005AH    0001H
  +--> ?PR?_DELAY_10US?LCD12864

?PR?_DS18B20_WRITE_BYTE?DS18B20                  -----    -----      005AH    0002H

?PR?DS18B20_READ_TEMP_CMD?DS18B20                -----    -----      -----    -----
  +--> ?PR?DS18B20_INIT?DS18B20
  +--> ?PR?_DS18B20_WRITE_BYTE?DS18B20

?PR?_ZW_SZW201_CMD?ZW_SZM201                     -----    -----      0053H    0007H
  +--> ?CO?ZW_SZM201
  +--> ?PR?_SEND_ONE_BYTE?MAIN_FUNCTION
BL51 BANKED LINKER/LOCATER V6.22.2.0                                                  05/16/2020  14:51:05  PAGE 4



?PR?DISPLAY_INIT_SCREEN_00?MAIN_FUNCTION         -----    -----      -----    -----
  +--> ?PR?LCD12864_INIT_CHARACTER?LCD12864
  +--> ?CO?MAIN_FUNCTION
  +--> ?PR?_LCD12864_DISPLAY_CHARACTER?LCD12864
  +--> ?PR?LCD12864_INIT_PICTURE?LCD12864
  +--> ?PR?_LCD12864_DISPLAY_PICTURE?LCD12864

?PR?LCD12864_INIT_CHARACTER?LCD12864             -----    -----      -----    -----
  +--> ?PR?_DELAY_10US?LCD12864
  +--> ?PR?_LCD12864_WRITE_CMD?LCD12864

?PR?_LCD12864_DISPLAY_CHARACTER?LCD12864         -----    -----      0057H    0007H
  +--> ?PR?_STRLEN?STRLEN
  +--> ?CO?LCD12864
  +--> ?PR?_LCD12864_WRITE_CMD?LCD12864
  +--> ?PR?_LCD12864_WRITE_DATA?LCD12864

?PR?_LCD12864_WRITE_DATA?LCD12864                -----    -----      0060H    0001H
  +--> ?PR?LCD12864_EXAMINE_BUSY?LCD12864

?PR?LCD12864_INIT_PICTURE?LCD12864               -----    -----      -----    -----
  +--> ?PR?_DELAY_10US?LCD12864
  +--> ?PR?_LCD12864_WRITE_CMD?LCD12864
  +--> ?PR?LCD12864_CLEAR_PICTURE?LCD12864

?PR?LCD12864_CLEAR_PICTURE?LCD12864              -----    -----      0057H    0004H
  +--> ?PR?_LCD12864_WRITE_CMD?LCD12864
  +--> ?PR?_LCD12864_WRITE_DATA?LCD12864

?PR?_LCD12864_DISPLAY_PICTURE?LCD12864           -----    -----      0057H    0009H
  +--> ?PR?_LCD12864_WRITE_CMD?LCD12864
  +--> ?PR?_LCD12864_WRITE_DATA?LCD12864

?PR?EXAMINE_LOCK?MAIN_FUNCTION                   -----    -----      -----    -----
  +--> ?PR?_DELAY_10US?LCD12864
  +--> ?CO?MAIN_FUNCTION
  +--> ?PR?_ZW_SZW201_CMD?ZW_SZM201

?PR?PRINTF?PRINTF                                0020H.0  0001H.1    0053H    001CH
  +--> ?PR?PUTCHAR?PUTCHAR

?PR?DISPLAY_INIT_SCREEN_01?MAIN_FUNCTION         -----    -----      -----    -----
  +--> ?PR?LCD12864_INIT_CHARACTER?LCD12864
  +--> ?CO?MAIN_FUNCTION
  +--> ?PR?_LCD12864_DISPLAY_CHARACTER?LCD12864

?PR?EXAMINE_KEY?MAIN_FUNCTION                    -----    -----      -----    -----
  +--> ?PR?_DELAY_10US?LCD12864

?PR?_DISPLAY_CONTROL_SCREEN_00?MAIN_F...         -----    -----      0053H    0001H
  +--> ?PR?LCD12864_INIT_CHARACTER?LCD12864
  +--> ?CO?MAIN_FUNCTION
  +--> ?PR?_LCD12864_DISPLAY_CHARACTER?LCD12864

?PR?_DISPLAY_CONTROL_SCREEN_01?MAIN_F...         -----    -----      0053H    0003H
  +--> ?PR?LCD12864_INIT_CHARACTER?LCD12864
BL51 BANKED LINKER/LOCATER V6.22.2.0                                                  05/16/2020  14:51:05  PAGE 5


  +--> ?CO?MAIN_FUNCTION
  +--> ?PR?_LCD12864_DISPLAY_CHARACTER?LCD12864

?PR?_DISPLAY_CONTROL_SCREEN_02_00?MAI...         -----    -----      0053H    0004H
  +--> ?CO?MAIN_FUNCTION
  +--> ?PR?LCD12864_INIT_CHARACTER?LCD12864
  +--> ?PR?_LCD12864_DISPLAY_CHARACTER?LCD12864
  +--> ?PR?LCD12864_INIT_PICTURE?LCD12864
  +--> ?PR?_LCD12864_DISPLAY_PICTURE?LCD12864

?PR?_DISPLAY_CONTROL_SCREEN_02_01?MAI...         -----    -----      0053H    0003H
  +--> ?PR?LCD12864_INIT_CHARACTER?LCD12864
  +--> ?CO?MAIN_FUNCTION
  +--> ?PR?_LCD12864_DISPLAY_CHARACTER?LCD12864

?PR?_DISPLAY_CONTROL_SCREEN_02_02?MAI...         -----    -----      0053H    0003H
  +--> ?PR?LCD12864_INIT_CHARACTER?LCD12864
  +--> ?CO?MAIN_FUNCTION
  +--> ?PR?_LCD12864_DISPLAY_CHARACTER?LCD12864



SYMBOL TABLE OF MODULE:  .\output\zw_project (DS18B20)

  VALUE           TYPE          NAME
  ----------------------------------

  -------         MODULE        DS18B20
  C:0000H         SYMBOL        _ICE_DUMMY_
  D:0090H         PUBLIC        P1
  D:00A0H         PUBLIC        P2
  D:00B0H         PUBLIC        P3
  D:00A8H         PUBLIC        IE
  D:00B8H         PUBLIC        IP
  C:C37EH         PUBLIC        ds18b20_chang_temp_cmd
  C:C190H         PUBLIC        ds18b20_read_byte
  C:C204H         PUBLIC        ds18b20_init
  C:C337H         PUBLIC        ds18b20_read_temp
  C:C10EH         PUBLIC        ds18b20_count_temperature
  C:C1CEH         PUBLIC        _ds18b20_write_byte
  D:0098H         PUBLIC        SCON
  C:C38BH         PUBLIC        ds18b20_read_temp_cmd
  D:0088H         PUBLIC        TCON
  B:00B0H.2       PUBLIC        DSPORT
  D:00C8H         PUBLIC        T2CON
  D:00D0H         PUBLIC        PSW
  -------         PROC          DS18B20_COUNT_TEMPERATURE
  -------         DO            
  D:0053H         SYMBOL        temperature
  D:0057H         SYMBOL        temp
  -------         ENDDO         
  C:C10EH         LINE#         15
  C:C10EH         LINE#         16
  C:C10EH         LINE#         19
  C:C115H         LINE#         20
  C:C11CH         LINE#         21
  C:C11CH         LINE#         22
BL51 BANKED LINKER/LOCATER V6.22.2.0                                                  05/16/2020  14:51:05  PAGE 6


  C:C124H         LINE#         23
  C:C12AH         LINE#         24
  C:C12AH         LINE#         26
  C:C12CH         LINE#         28
  C:C146H         LINE#         30
  C:C14EH         LINE#         31
  -------         ENDPROC       DS18B20_COUNT_TEMPERATURE
  -------         PROC          DS18B20_INIT
  -------         DO            
  D:005AH         SYMBOL        i
  -------         ENDDO         
  C:C204H         LINE#         40
  C:C204H         LINE#         41
  C:C204H         LINE#         43
  C:C206H         LINE#         44
  C:C209H         LINE#         45
  C:C210H         LINE#         46
  C:C212H         LINE#         47
  C:C214H         LINE#         48
  C:C217H         LINE#         49
  C:C217H         LINE#         50
  C:C21EH         LINE#         51
  C:C220H         LINE#         52
  C:C22BH         LINE#         53
  C:C22BH         LINE#         54
  C:C22EH         LINE#         55
  C:C22EH         LINE#         57
  C:C22EH         LINE#         58
  C:C230H         LINE#         59
  -------         ENDPROC       DS18B20_INIT
  -------         PROC          _DS18B20_WRITE_BYTE
  D:0007H         SYMBOL        dat
  -------         DO            
  D:005AH         SYMBOL        i
  D:0002H         SYMBOL        j
  -------         ENDDO         
  C:C1CEH         LINE#         68
  C:C1CEH         LINE#         69
  C:C1CEH         LINE#         72
  C:C1D1H         LINE#         73
  C:C1D1H         LINE#         74
  C:C1D3H         LINE#         75
  C:C1DBH         LINE#         76
  C:C1DFH         LINE#         77
  C:C1E5H         LINE#         78
  C:C1F2H         LINE#         79
  C:C1F4H         LINE#         80
  C:C1F8H         LINE#         81
  C:C203H         LINE#         82
  -------         ENDPROC       _DS18B20_WRITE_BYTE
  -------         PROC          DS18B20_READ_BYTE
  -------         DO            
  D:0001H         SYMBOL        byte
  D:0003H         SYMBOL        bi
  D:0006H         SYMBOL        i
  D:0004H         SYMBOL        j
  -------         ENDDO         
BL51 BANKED LINKER/LOCATER V6.22.2.0                                                  05/16/2020  14:51:05  PAGE 7


  C:C190H         LINE#         91
  C:C190H         LINE#         92
  C:C190H         LINE#         95
  C:C194H         LINE#         96
  C:C194H         LINE#         97
  C:C196H         LINE#         98
  C:C19AH         LINE#         99
  C:C19CH         LINE#         100
  C:C1A0H         LINE#         101
  C:C1A4H         LINE#         102
  C:C1A8H         LINE#         104
  C:C1B4H         LINE#         105
  C:C1B8H         LINE#         106
  C:C1C2H         LINE#         107
  C:C1CBH         LINE#         108
  C:C1CDH         LINE#         109
  -------         ENDPROC       DS18B20_READ_BYTE
  -------         PROC          DS18B20_CHANG_TEMP_CMD
  C:C37EH         LINE#         117
  C:C37EH         LINE#         118
  C:C37EH         LINE#         119
  C:C381H         LINE#         121
  C:C386H         LINE#         122
  -------         ENDPROC       DS18B20_CHANG_TEMP_CMD
  -------         PROC          DS18B20_READ_TEMP_CMD
  C:C38BH         LINE#         133
  C:C38BH         LINE#         134
  C:C38BH         LINE#         136
  C:C38EH         LINE#         138
  C:C393H         LINE#         139
  -------         ENDPROC       DS18B20_READ_TEMP_CMD
  -------         PROC          DS18B20_READ_TEMP
  -------         DO            
  D:0006H         SYMBOL        temp
  D:0007H         SYMBOL        tmh
  D:0059H         SYMBOL        tml
  -------         ENDDO         
  C:C337H         LINE#         148
  C:C337H         LINE#         149
  C:C337H         LINE#         150
  C:C33AH         LINE#         152
  C:C33DH         LINE#         153
  C:C340H         LINE#         154
  C:C345H         LINE#         155
  C:C348H         LINE#         156
  C:C348H         LINE#         157
  C:C34AH         LINE#         158
  C:C34DH         LINE#         159
  C:C34DH         LINE#         160
  -------         ENDPROC       DS18B20_READ_TEMP
  -------         ENDMOD        DS18B20

  -------         MODULE        LCD12864
  C:0000H         SYMBOL        _ICE_DUMMY_
  C:C308H         PUBLIC        _LCD12864_write_cmd
  D:0080H         PUBLIC        P0
  D:0090H         PUBLIC        P1
BL51 BANKED LINKER/LOCATER V6.22.2.0                                                  05/16/2020  14:51:05  PAGE 8


  D:00A0H         PUBLIC        P2
  D:00B0H         PUBLIC        P3
  C:C231H         PUBLIC        LCD12864_init_character
  C:BF90H         PUBLIC        LCD12864_Clear_picture
  D:00A8H         PUBLIC        IE
  C:BB01H         PUBLIC        _LCD12864_display_picture
  D:00B8H         PUBLIC        IP
  C:C2A8H         PUBLIC        dis_position
  B:00A0H.4       PUBLIC        RS
  B:00A0H.3       PUBLIC        RW
  D:0098H         PUBLIC        SCON
  D:0088H         PUBLIC        TCON
  C:C398H         PUBLIC        _delay_10us
  B:00A0H.2       PUBLIC        E
  C:C34EH         PUBLIC        LCD12864_restart
  C:BE10H         PUBLIC        _LCD12864_display_character
  C:C35EH         PUBLIC        LCD12864_examine_busy
  C:C2C8H         PUBLIC        LCD12864_init_picture
  C:C2ECH         PUBLIC        _LCD12864_write_data
  D:00C8H         PUBLIC        T2CON
  B:00A0H.1       PUBLIC        RST
  D:00D0H         PUBLIC        PSW
  -------         PROC          LCD12864_RESTART
  C:C34EH         LINE#         21
  C:C34EH         LINE#         22
  C:C34EH         LINE#         24
  C:C350H         LINE#         25
  C:C357H         LINE#         26
  C:C359H         LINE#         27
  -------         ENDPROC       LCD12864_RESTART
  -------         PROC          LCD12864_INIT_CHARACTER
  C:C231H         LINE#         35
  C:C231H         LINE#         36
  C:C231H         LINE#         37
  C:C238H         LINE#         39
  C:C23DH         LINE#         40
  C:C242H         LINE#         43
  C:C247H         LINE#         44
  C:C24CH         LINE#         45
  C:C251H         LINE#         46
  C:C256H         LINE#         47
  -------         ENDPROC       LCD12864_INIT_CHARACTER
  -------         PROC          LCD12864_INIT_PICTURE
  C:C2C8H         LINE#         54
  C:C2C8H         LINE#         55
  C:C2C8H         LINE#         56
  C:C2CFH         LINE#         58
  C:C2D4H         LINE#         59
  C:C2D9H         LINE#         62
  C:C2DEH         LINE#         63
  C:C2E3H         LINE#         65
  -------         ENDPROC       LCD12864_INIT_PICTURE
  -------         PROC          LCD12864_CLEAR_PICTURE
  -------         DO            
  D:0057H         SYMBOL        i
  D:0059H         SYMBOL        j
  -------         ENDDO         
BL51 BANKED LINKER/LOCATER V6.22.2.0                                                  05/16/2020  14:51:05  PAGE 9


  C:BF90H         LINE#         73
  C:BF90H         LINE#         74
  C:BF90H         LINE#         77
  C:BF95H         LINE#         78
  C:BF95H         LINE#         79
  C:BF98H         LINE#         80
  C:BF9DH         LINE#         81
  C:BFA2H         LINE#         82
  C:BFA2H         LINE#         83
  C:BFA7H         LINE#         84
  C:BFBAH         LINE#         85
  C:BFCDH         LINE#         87
  C:BFD2H         LINE#         88
  C:BFD2H         LINE#         89
  C:BFD5H         LINE#         90
  C:BFDAH         LINE#         91
  C:BFDFH         LINE#         92
  C:BFDFH         LINE#         93
  C:BFE4H         LINE#         94
  C:BFF7H         LINE#         95
  C:C00AH         LINE#         97
  -------         ENDPROC       LCD12864_CLEAR_PICTURE
  -------         PROC          _LCD12864_DISPLAY_PICTURE
  D:0057H         SYMBOL        row
  D:0058H         SYMBOL        column
  D:0059H         SYMBOL        picture
  -------         DO            
  D:005CH         SYMBOL        i
  D:005EH         SYMBOL        j
  -------         ENDDO         
  C:BB01H         LINE#         103
  C:BB0BH         LINE#         104
  C:BB0BH         LINE#         107
  C:BB2FH         LINE#         108
  C:BB2FH         LINE#         109
  C:BB3CH         LINE#         110
  C:BB44H         LINE#         111
  C:BB68H         LINE#         112
  C:BB68H         LINE#         113
  C:BB77H         LINE#         114
  C:BB81H         LINE#         115
  C:BB8CH         LINE#         117
  C:BB91H         LINE#         118
  C:BB91H         LINE#         119
  C:BB99H         LINE#         120
  C:BBA1H         LINE#         121
  C:BBC5H         LINE#         122
  C:BBC5H         LINE#         123
  C:BBD4H         LINE#         124
  C:BBDEH         LINE#         125
  C:BBF1H         LINE#         126
  -------         ENDPROC       _LCD12864_DISPLAY_PICTURE
  -------         PROC          _LCD12864_DISPLAY_CHARACTER
  D:0057H         SYMBOL        row
  D:0058H         SYMBOL        column
  D:0059H         SYMBOL        string
  -------         DO            
BL51 BANKED LINKER/LOCATER V6.22.2.0                                                  05/16/2020  14:51:05  PAGE 10


  D:0007H         SYMBOL        addr
  D:005CH         SYMBOL        i
  D:005DH         SYMBOL        length
  -------         ENDDO         
  C:BE10H         LINE#         132
  C:BE1AH         LINE#         133
  C:BE1AH         LINE#         137
  C:BE1FH         LINE#         138
  C:BE3CH         LINE#         139
  C:BE3FH         LINE#         140
  C:BE4FH         LINE#         141
  C:BE62H         LINE#         142
  C:BE62H         LINE#         143
  C:BE71H         LINE#         144
  C:BE75H         LINE#         146
  C:BE7FH         LINE#         147
  C:BE7FH         LINE#         148
  C:BE8EH         LINE#         149
  C:BE92H         LINE#         150
  -------         ENDPROC       _LCD12864_DISPLAY_CHARACTER
  C:C2E6H         SYMBOL        L?0062
  -------         PROC          L?0061
  -------         ENDPROC       L?0061
  C:C2E6H         SYMBOL        L?0062
  -------         PROC          _LCD12864_WRITE_DATA
  D:0060H         SYMBOL        dat
  C:C2ECH         LINE#         156
  C:C2EEH         LINE#         157
  C:C2EEH         LINE#         158
  C:C2F1H         LINE#         159
  C:C2F3H         LINE#         160
  C:C2F5H         LINE#         161
  C:C2F6H         LINE#         162
  C:C2F8H         LINE#         163
  C:C2FBH         LINE#         164
  C:C2FCH         LINE#         165
  C:C2FDH         LINE#         166
  C:C2FEH         LINE#         167
  C:C2FFH         LINE#         168
  C:C300H         LINE#         169
  C:C302H         LINE#         170
  -------         ENDPROC       _LCD12864_WRITE_DATA
  -------         PROC          L?0063
  -------         ENDPROC       L?0063
  -------         PROC          _LCD12864_WRITE_CMD
  D:0060H         SYMBOL        cmd
  C:C308H         LINE#         176
  C:C30AH         LINE#         177
  C:C30AH         LINE#         178
  C:C30DH         LINE#         179
  C:C30FH         LINE#         180
  C:C311H         LINE#         181
  C:C312H         LINE#         182
  C:C314H         LINE#         183
  C:C317H         LINE#         184
  C:C318H         LINE#         185
  C:C319H         LINE#         186
BL51 BANKED LINKER/LOCATER V6.22.2.0                                                  05/16/2020  14:51:05  PAGE 11


  C:C31AH         LINE#         187
  C:C31BH         LINE#         188
  C:C31CH         LINE#         189
  C:C31EH         LINE#         190
  -------         ENDPROC       _LCD12864_WRITE_CMD
  -------         PROC          LCD12864_EXAMINE_BUSY
  C:C35EH         LINE#         196
  C:C35EH         LINE#         197
  C:C35EH         LINE#         198
  C:C361H         LINE#         199
  C:C363H         LINE#         200
  C:C365H         LINE#         201
  C:C367H         LINE#         202
  C:C367H         LINE#         203
  C:C367H         LINE#         204
  C:C36DH         LINE#         205
  C:C36DH         LINE#         206
  C:C36DH         LINE#         207
  -------         ENDPROC       LCD12864_EXAMINE_BUSY
  -------         PROC          _DELAY_10US
  D:0006H         SYMBOL        time
  C:C398H         LINE#         213
  C:C398H         LINE#         214
  C:C398H         LINE#         215
  C:C3A2H         LINE#         216
  -------         ENDPROC       _DELAY_10US
  -------         ENDMOD        LCD12864

  -------         MODULE        MAIN
  C:0000H         SYMBOL        _ICE_DUMMY_
  D:0022H         PUBLIC        count_confirm
  D:0080H         PUBLIC        P0
  D:0090H         PUBLIC        P1
  D:00A0H         PUBLIC        P2
  D:00B0H         PUBLIC        P3
  D:0023H         PUBLIC        buzzer_quantity
  D:00A8H         PUBLIC        IE
  D:00B8H         PUBLIC        IP
  B:0021H.1       PUBLIC        flag_control_door
  D:0024H         PUBLIC        count_options
  B:0021H.2       PUBLIC        flag_buzzer
  B:00A0H.0       PUBLIC        buzzer
  C:8901H         PUBLIC        main
  D:0026H         PUBLIC        temperature_string
  B:0021H.3       PUBLIC        flag_quick_door
  D:0098H         PUBLIC        SCON
  D:0088H         PUBLIC        TCON
  D:002EH         PUBLIC        temperature
  D:0032H         PUBLIC        door
  D:0033H         PUBLIC        quick_door
  D:0034H         PUBLIC        buzzer_high_time
  D:0035H         PUBLIC        copy_count_options
  B:00A0H.5       PUBLIC        back_stop
  D:0036H         PUBLIC        time0_cartoon
  B:0021H.4       PUBLIC        open_lock
  D:0037H         PUBLIC        parameter
  D:0038H         PUBLIC        parameter_1
BL51 BANKED LINKER/LOCATER V6.22.2.0                                                  05/16/2020  14:51:05  PAGE 12


  D:0039H         PUBLIC        parameter_2
  D:003AH         PUBLIC        parameter_3
  D:003BH         PUBLIC        array_parameter_1
  D:003FH         PUBLIC        array_parameter_2
  B:0021H.5       PUBLIC        flag_display_screen
  D:0043H         PUBLIC        array_parameter_3
  D:0047H         PUBLIC        time0_init_screen
  D:0048H         PUBLIC        receive_data
  D:00C8H         PUBLIC        T2CON
  D:0050H         PUBLIC        time0_buzzer
  B:0021H.6       PUBLIC        flag_compare
  B:0090H.1       PUBLIC        relay_A_stop
  B:0090H.4       PUBLIC        relay_B_stop
  D:0051H         PUBLIC        buzzer_low_time
  B:0090H.7       PUBLIC        relay_C_stop
  D:0052H         PUBLIC        time0_lock
  B:00B0H.6       PUBLIC        relay_D_stop
  D:00D0H         PUBLIC        PSW
  -------         PROC          MAIN
  C:8901H         LINE#         56
  C:8901H         LINE#         57
  C:8901H         LINE#         58
  C:8904H         LINE#         59
  C:8907H         LINE#         60
  C:890AH         LINE#         62
  C:890DH         LINE#         63
  C:8910H         LINE#         64
  C:8913H         LINE#         65
  C:8916H         LINE#         67
  C:8919H         LINE#         68
  C:891CH         LINE#         69
  C:891FH         LINE#         71
  C:892AH         LINE#         72
  C:8935H         LINE#         73
  C:8940H         LINE#         74
  C:894BH         LINE#         76
  C:8956H         LINE#         78
  C:895DH         LINE#         79
  C:8964H         LINE#         80
  C:8974H         LINE#         82
  C:8977H         LINE#         83
  C:897AH         LINE#         85
  C:897AH         LINE#         86
  C:897AH         LINE#         87
  C:897DH         LINE#         89
  C:8983H         LINE#         90
  C:8983H         LINE#         92
  C:8989H         LINE#         93
  C:8989H         LINE#         94
  C:8994H         LINE#         95
  C:89AEH         LINE#         97
  C:89B1H         LINE#         98
  C:89B1H         LINE#         99
  C:89BCH         LINE#         100
  C:89BCH         LINE#         101
  C:89C7H         LINE#         102
  C:89E1H         LINE#         104
BL51 BANKED LINKER/LOCATER V6.22.2.0                                                  05/16/2020  14:51:05  PAGE 13


  C:89E4H         LINE#         105
  C:89F3H         LINE#         106
  C:89F6H         LINE#         107
  C:89F6H         LINE#         109
  C:89F9H         LINE#         110
  C:89F9H         LINE#         111
  C:8A00H         LINE#         112
  C:8A03H         LINE#         113
  C:8A03H         LINE#         114
  C:8A05H         LINE#         115
  C:8A07H         LINE#         116
  C:8A09H         LINE#         117
  C:8A0BH         LINE#         118
  C:8A0DH         LINE#         120
  C:8A14H         LINE#         122
  C:8A16H         LINE#         123
  C:8A18H         LINE#         124
  C:8A1AH         LINE#         125
  C:8A1CH         LINE#         126
  C:8A1CH         LINE#         127
  C:8A1FH         LINE#         128
  C:8A21H         LINE#         129
  C:8A21H         LINE#         130
  C:8A21H         LINE#         132
  C:8A27H         LINE#         133
  C:8A27H         LINE#         134
  C:8A2AH         LINE#         136
  C:8A2EH         LINE#         137
  C:8A2EH         LINE#         138
  C:8A31H         LINE#         139
  C:8A31H         LINE#         140
  C:8A37H         LINE#         141
  C:8A3CH         LINE#         142
  C:8A44H         LINE#         143
  C:8A49H         LINE#         144
  C:8A51H         LINE#         145
  C:8A56H         LINE#         146
  C:8A5EH         LINE#         147
  C:8A63H         LINE#         148
  C:8A65H         LINE#         149
  C:8A65H         LINE#         150
  C:8A65H         LINE#         159
  C:8A6EH         LINE#         160
  C:8A6EH         LINE#         161
  C:8A74H         LINE#         162
  C:8A74H         LINE#         163
  C:8A7AH         LINE#         164
  C:8A7DH         LINE#         165
  C:8A83H         LINE#         166
  C:8A86H         LINE#         167
  C:8A8CH         LINE#         168
  C:8A8FH         LINE#         169
  C:8A95H         LINE#         170
  C:8A98H         LINE#         171
  C:8AA0H         LINE#         172
  C:8AA9H         LINE#         173
  C:8AB1H         LINE#         174
BL51 BANKED LINKER/LOCATER V6.22.2.0                                                  05/16/2020  14:51:05  PAGE 14


  C:8ABAH         LINE#         175
  C:8AC2H         LINE#         176
  C:8ACBH         LINE#         177
  C:8AD3H         LINE#         178
  C:8ADCH         LINE#         179
  C:8AE4H         LINE#         180
  C:8AEDH         LINE#         181
  C:8AF5H         LINE#         182
  C:8AFEH         LINE#         183
  C:8B00H         LINE#         184
  C:8B00H         LINE#         185
  C:8B00H         LINE#         194
  C:8B09H         LINE#         195
  C:8B09H         LINE#         196
  C:8B0FH         LINE#         197
  C:8B0FH         LINE#         198
  C:8B12H         LINE#         199
  C:8B12H         LINE#         200
  C:8B1DH         LINE#         201
  C:8B24H         LINE#         202
  C:8B2FH         LINE#         204
  C:8B32H         LINE#         205
  C:8B35H         LINE#         206
  C:8B38H         LINE#         208
  C:8B3BH         LINE#         209
  C:8B3DH         LINE#         210
  C:8B3DH         LINE#         211
  C:8B48H         LINE#         212
  C:8B48H         LINE#         213
  C:8B4EH         LINE#         214
  C:8B4EH         LINE#         215
  C:8B51H         LINE#         216
  C:8B51H         LINE#         217
  C:8B5CH         LINE#         219
  C:8B5FH         LINE#         220
  C:8B62H         LINE#         221
  C:8B65H         LINE#         223
  C:8B68H         LINE#         224
  C:8B6AH         LINE#         225
  C:8B6AH         LINE#         226
  C:8B75H         LINE#         227
  C:8B75H         LINE#         228
  C:8B7BH         LINE#         229
  C:8B7BH         LINE#         230
  C:8B7EH         LINE#         231
  C:8B7EH         LINE#         232
  C:8B89H         LINE#         233
  C:8B90H         LINE#         234
  C:8B9BH         LINE#         236
  C:8B9EH         LINE#         237
  C:8BA1H         LINE#         238
  C:8BA4H         LINE#         240
  C:8BA7H         LINE#         241
  C:8BA9H         LINE#         242
  C:8BA9H         LINE#         243
  C:8BB4H         LINE#         244
  C:8BB4H         LINE#         245
BL51 BANKED LINKER/LOCATER V6.22.2.0                                                  05/16/2020  14:51:05  PAGE 15


  C:8BBAH         LINE#         246
  C:8BBAH         LINE#         247
  C:8BBCH         LINE#         248
  C:8BBEH         LINE#         249
  C:8BC2H         LINE#         251
  C:8BC2H         LINE#         256
  C:8BCEH         LINE#         257
  C:8BCEH         LINE#         258
  C:8BD1H         LINE#         259
  C:8BD1H         LINE#         260
  C:8BD9H         LINE#         261
  C:8BE2H         LINE#         262
  C:8BEAH         LINE#         263
  C:8BF3H         LINE#         264
  C:8BFBH         LINE#         265
  C:8C04H         LINE#         266
  C:8C0CH         LINE#         267
  C:8C15H         LINE#         268
  C:8C17H         LINE#         269
  C:8C17H         LINE#         270
  C:8C17H         LINE#         273
  C:8C29H         LINE#         274
  C:8C29H         LINE#         275
  C:8C2CH         LINE#         276
  C:8C39H         LINE#         277
  C:8C43H         LINE#         279
  C:8C43H         LINE#         280
  C:8C43H         LINE#         281
  C:8C43H         LINE#         283
  C:8C43H         LINE#         284
  C:8C43H         LINE#         285
  C:8C43H         LINE#         286
  C:8C43H         LINE#         287
  C:8C43H         LINE#         288
  C:8C43H         LINE#         289
  C:8C43H         LINE#         290
  C:8C43H         LINE#         291
  C:8C43H         LINE#         292
  C:8C43H         LINE#         293
  C:8C46H         LINE#         294
  C:8C46H         LINE#         300
  C:8C4FH         LINE#         301
  C:8C4FH         LINE#         302
  C:8C55H         LINE#         303
  C:8C55H         LINE#         304
  C:8C5DH         LINE#         305
  C:8C66H         LINE#         306
  C:8C6EH         LINE#         307
  C:8C77H         LINE#         308
  C:8C7FH         LINE#         309
  C:8C88H         LINE#         310
  C:8C90H         LINE#         311
  C:8C99H         LINE#         312
  C:8CA1H         LINE#         313
  C:8CAAH         LINE#         314
  C:8CB2H         LINE#         315
  C:8CBBH         LINE#         316
BL51 BANKED LINKER/LOCATER V6.22.2.0                                                  05/16/2020  14:51:05  PAGE 16


  C:8CBFH         LINE#         317
  C:8CCBH         LINE#         318
  C:8CD1H         LINE#         319
  C:8CDDH         LINE#         320
  C:8CE3H         LINE#         321
  C:8CEFH         LINE#         322
  C:8CF5H         LINE#         323
  C:8D01H         LINE#         324
  C:8D07H         LINE#         325
  C:8D13H         LINE#         326
  C:8D15H         LINE#         327
  C:8D15H         LINE#         329
  C:8D15H         LINE#         330
  C:8D15H         LINE#         340
  C:8D1EH         LINE#         341
  C:8D1EH         LINE#         342
  C:8D2FH         LINE#         343
  C:8D2FH         LINE#         344
  C:8D32H         LINE#         345
  C:8D34H         LINE#         346
  C:8D38H         LINE#         347
  C:8D3AH         LINE#         349
  C:8D3CH         LINE#         350
  C:8D3EH         LINE#         351
  C:8D40H         LINE#         353
  C:8D40H         LINE#         357
  C:8D49H         LINE#         358
  C:8D49H         LINE#         359
  C:8D5FH         LINE#         360
  C:8D77H         LINE#         361
  C:8D8FH         LINE#         362
  C:8D97H         LINE#         363
  C:8D97H         LINE#         364
  C:8D9AH         LINE#         365
  C:8DA7H         LINE#         366
  C:8DB4H         LINE#         367
  C:8DC1H         LINE#         368
  C:8DCEH         LINE#         370
  C:8DDBH         LINE#         371
  C:8DE8H         LINE#         372
  C:8DF5H         LINE#         374
  C:8E01H         LINE#         375
  C:8E01H         LINE#         376
  C:8E09H         LINE#         377
  C:8E09H         LINE#         378
  C:8E0CH         LINE#         379
  C:8E19H         LINE#         380
  C:8E26H         LINE#         381
  C:8E33H         LINE#         382
  C:8E40H         LINE#         384
  C:8E4DH         LINE#         385
  C:8E5AH         LINE#         386
  C:8E67H         LINE#         388
  C:8E74H         LINE#         389
  C:8E74H         LINE#         390
  C:8E7CH         LINE#         391
  C:8E7CH         LINE#         392
BL51 BANKED LINKER/LOCATER V6.22.2.0                                                  05/16/2020  14:51:05  PAGE 17


  C:8E7FH         LINE#         393
  C:8E8CH         LINE#         394
  C:8E99H         LINE#         395
  C:8EA6H         LINE#         396
  C:8EB3H         LINE#         398
  C:8EC0H         LINE#         399
  C:8ECDH         LINE#         400
  C:8EDAH         LINE#         402
  C:8EE7H         LINE#         403
  C:8EE7H         LINE#         404
  C:8EEFH         LINE#         405
  C:8EEFH         LINE#         406
  C:8EF2H         LINE#         407
  C:8EFFH         LINE#         408
  C:8F0CH         LINE#         409
  C:8F19H         LINE#         410
  C:8F26H         LINE#         412
  C:8F33H         LINE#         413
  C:8F40H         LINE#         414
  C:8F4DH         LINE#         416
  C:8F5AH         LINE#         417
  C:8F5AH         LINE#         420
  C:8F5AH         LINE#         421
  C:8F63H         LINE#         422
  C:8F63H         LINE#         423
  C:8F79H         LINE#         424
  C:8F91H         LINE#         425
  C:8F99H         LINE#         426
  C:8F99H         LINE#         427
  C:8F9CH         LINE#         428
  C:8FA9H         LINE#         429
  C:8FB6H         LINE#         430
  C:8FC3H         LINE#         431
  C:8FD0H         LINE#         433
  C:8FDDH         LINE#         434
  C:8FEAH         LINE#         436
  C:8FF7H         LINE#         437
  C:8FF7H         LINE#         438
  C:8FFFH         LINE#         439
  C:8FFFH         LINE#         440
  C:9002H         LINE#         441
  C:900FH         LINE#         442
  C:901CH         LINE#         443
  C:9029H         LINE#         444
  C:9036H         LINE#         446
  C:9043H         LINE#         447
  C:9050H         LINE#         449
  C:905DH         LINE#         450
  C:905DH         LINE#         451
  C:9065H         LINE#         452
  C:9065H         LINE#         453
  C:9068H         LINE#         454
  C:9075H         LINE#         455
  C:9082H         LINE#         456
  C:908FH         LINE#         457
  C:909CH         LINE#         459
  C:90A9H         LINE#         460
BL51 BANKED LINKER/LOCATER V6.22.2.0                                                  05/16/2020  14:51:05  PAGE 18


  C:90B6H         LINE#         462
  C:90C3H         LINE#         463
  C:90C3H         LINE#         464
  C:90C3H         LINE#         468
  C:90C9H         LINE#         469
  C:90C9H         LINE#         470
  C:90D1H         LINE#         471
  C:90D1H         LINE#         472
  C:90D4H         LINE#         473
  C:90E0H         LINE#         474
  C:90EDH         LINE#         475
  C:90FAH         LINE#         477
  C:9107H         LINE#         478
  C:9107H         LINE#         479
  C:910FH         LINE#         480
  C:910FH         LINE#         481
  C:9112H         LINE#         482
  C:911EH         LINE#         483
  C:912BH         LINE#         484
  C:9138H         LINE#         486
  C:9145H         LINE#         487
  C:9145H         LINE#         489
  C:9145H         LINE#         490
  C:914EH         LINE#         491
  C:914EH         LINE#         492
  C:9164H         LINE#         493
  C:916CH         LINE#         494
  C:916CH         LINE#         495
  C:916FH         LINE#         496
  C:917BH         LINE#         497
  C:9188H         LINE#         498
  C:9195H         LINE#         500
  C:91A2H         LINE#         502
  C:91AFH         LINE#         503
  C:91AFH         LINE#         504
  C:91B7H         LINE#         505
  C:91B7H         LINE#         506
  C:91BAH         LINE#         507
  C:91C6H         LINE#         508
  C:91D3H         LINE#         509
  C:91E0H         LINE#         511
  C:91EDH         LINE#         513
  C:91FAH         LINE#         514
  C:91FAH         LINE#         515
  C:91FAH         LINE#         524
  C:9200H         LINE#         525
  C:9200H         LINE#         526
  C:9203H         LINE#         527
  C:9206H         LINE#         528
  C:9213H         LINE#         529
  C:9220H         LINE#         530
  C:922AH         LINE#         532
  C:922AH         LINE#         533
  C:922AH         LINE#         534
  C:922AH         LINE#         536
  C:922AH         LINE#         537
  C:922AH         LINE#         538
BL51 BANKED LINKER/LOCATER V6.22.2.0                                                  05/16/2020  14:51:05  PAGE 19


  C:922AH         LINE#         539
  C:922AH         LINE#         540
  C:922AH         LINE#         541
  C:922AH         LINE#         545
  C:922AH         LINE#         546
  C:922AH         LINE#         547
  C:922AH         LINE#         548
  C:922AH         LINE#         549
  C:922DH         LINE#         551
  C:922DH         LINE#         552
  C:9233H         LINE#         553
  C:9233H         LINE#         554
  C:9236H         LINE#         555
  C:9239H         LINE#         556
  C:9246H         LINE#         557
  C:9253H         LINE#         558
  C:925DH         LINE#         560
  C:925DH         LINE#         561
  C:925DH         LINE#         562
  C:925DH         LINE#         564
  C:925DH         LINE#         565
  C:925DH         LINE#         566
  C:925DH         LINE#         567
  C:925DH         LINE#         568
  C:925DH         LINE#         569
  C:925DH         LINE#         570
  C:925DH         LINE#         571
  C:925DH         LINE#         572
  C:925DH         LINE#         573
  C:925DH         LINE#         574
  C:925FH         LINE#         575
  C:925FH         LINE#         576
  C:9265H         LINE#         577
  C:9265H         LINE#         578
  C:9268H         LINE#         579
  C:926BH         LINE#         580
  C:9278H         LINE#         581
  C:9285H         LINE#         582
  C:928FH         LINE#         584
  C:928FH         LINE#         585
  C:928FH         LINE#         586
  C:928FH         LINE#         588
  C:928FH         LINE#         589
  C:928FH         LINE#         590
  C:928FH         LINE#         591
  C:928FH         LINE#         592
  C:928FH         LINE#         593
  C:928FH         LINE#         594
  C:928FH         LINE#         595
  C:928FH         LINE#         596
  C:928FH         LINE#         597
  C:928FH         LINE#         598
  C:9291H         LINE#         599
  C:9291H         LINE#         600
  C:9297H         LINE#         601
  C:9297H         LINE#         602
  C:929AH         LINE#         603
BL51 BANKED LINKER/LOCATER V6.22.2.0                                                  05/16/2020  14:51:05  PAGE 20


  C:929DH         LINE#         604
  C:92AAH         LINE#         605
  C:92B7H         LINE#         606
  C:92C1H         LINE#         608
  C:92C1H         LINE#         609
  C:92C1H         LINE#         610
  C:92C1H         LINE#         612
  C:92C1H         LINE#         613
  C:92C1H         LINE#         614
  C:92C1H         LINE#         615
  C:92C1H         LINE#         616
  C:92C1H         LINE#         617
  C:92C1H         LINE#         618
  C:92C1H         LINE#         619
  C:92C1H         LINE#         620
  C:92C1H         LINE#         621
  C:92C1H         LINE#         622
  C:92C3H         LINE#         623
  C:92C3H         LINE#         624
  C:92C9H         LINE#         625
  C:92C9H         LINE#         626
  C:92CBH         LINE#         627
  C:92CEH         LINE#         628
  C:92DBH         LINE#         630
  C:92DEH         LINE#         631
  C:92E1H         LINE#         632
  C:92E4H         LINE#         634
  C:92EBH         LINE#         635
  C:92F2H         LINE#         636
  C:92F9H         LINE#         637
  C:9300H         LINE#         638
  C:9307H         LINE#         639
  C:930EH         LINE#         640
  C:9311H         LINE#         641
  C:9313H         LINE#         642
  C:9317H         LINE#         643
  C:931AH         LINE#         644
  C:931DH         LINE#         645
  C:931DH         LINE#         646
  C:9323H         LINE#         647
  C:9323H         LINE#         648
  C:9326H         LINE#         649
  C:9328H         LINE#         650
  C:932DH         LINE#         651
  C:932DH         LINE#         652
  C:932DH         LINE#         663
  C:9336H         LINE#         664
  C:9336H         LINE#         666
  C:933CH         LINE#         667
  C:933CH         LINE#         668
  C:933FH         LINE#         670
  C:9355H         LINE#         671
  C:9362H         LINE#         672
  C:936FH         LINE#         674
  C:936FH         LINE#         675
  C:9375H         LINE#         676
  C:9375H         LINE#         677
BL51 BANKED LINKER/LOCATER V6.22.2.0                                                  05/16/2020  14:51:05  PAGE 21


  C:9378H         LINE#         679
  C:938EH         LINE#         680
  C:939BH         LINE#         681
  C:93A8H         LINE#         682
  C:93A8H         LINE#         683
  C:93AEH         LINE#         684
  C:93AEH         LINE#         685
  C:93B1H         LINE#         686
  C:93C7H         LINE#         687
  C:93D4H         LINE#         688
  C:93D4H         LINE#         689
  C:93DDH         LINE#         690
  C:93DDH         LINE#         692
  C:93DFH         LINE#         693
  C:93E1H         LINE#         694
  C:93E3H         LINE#         695
  C:93E5H         LINE#         696
  C:93E7H         LINE#         697
  C:93E9H         LINE#         698
  C:93EBH         LINE#         699
  C:93EDH         LINE#         702
  C:93F0H         LINE#         703
  C:93FDH         LINE#         704
  C:940FH         LINE#         705
  C:9416H         LINE#         706
  C:941DH         LINE#         707
  C:9424H         LINE#         708
  C:942BH         LINE#         709
  C:9432H         LINE#         710
  C:9439H         LINE#         711
  C:9440H         LINE#         712
  C:9447H         LINE#         713
  C:944AH         LINE#         714
  C:9451H         LINE#         715
  C:9458H         LINE#         716
  C:946AH         LINE#         717
  C:946AH         LINE#         718
  C:9473H         LINE#         719
  C:9473H         LINE#         720
  C:9473H         LINE#         721
  C:9473H         LINE#         722
  C:9473H         LINE#         723
  C:9473H         LINE#         724
  C:9473H         LINE#         726
  C:9473H         LINE#         727
  C:9473H         LINE#         728
  C:9473H         LINE#         730
  C:9473H         LINE#         732
  C:9473H         LINE#         733
  C:9473H         LINE#         734
  C:9473H         LINE#         735
  C:9473H         LINE#         736
  C:9476H         LINE#         737
  C:9476H         LINE#         738
  C:9479H         LINE#         739
  C:9486H         LINE#         740
  C:9498H         LINE#         741
BL51 BANKED LINKER/LOCATER V6.22.2.0                                                  05/16/2020  14:51:05  PAGE 22


  C:949FH         LINE#         742
  C:94A6H         LINE#         743
  C:94ADH         LINE#         744
  C:94B4H         LINE#         745
  C:94BBH         LINE#         746
  C:94C2H         LINE#         747
  C:94C9H         LINE#         748
  C:94D0H         LINE#         749
  C:94D3H         LINE#         750
  C:94DAH         LINE#         751
  C:94E1H         LINE#         752
  C:94E4H         LINE#         753
  C:94F1H         LINE#         754
  C:9503H         LINE#         755
  C:950AH         LINE#         756
  C:9511H         LINE#         757
  C:9518H         LINE#         758
  C:951FH         LINE#         759
  C:9526H         LINE#         760
  C:952DH         LINE#         761
  C:9534H         LINE#         762
  C:953BH         LINE#         763
  C:953EH         LINE#         764
  C:9545H         LINE#         765
  C:954CH         LINE#         766
  C:955EH         LINE#         767
  C:955EH         LINE#         768
  C:9568H         LINE#         769
  C:9568H         LINE#         770
  C:9568H         LINE#         771
  C:9568H         LINE#         772
  C:9568H         LINE#         773
  C:9568H         LINE#         774
  C:9568H         LINE#         776
  C:9568H         LINE#         777
  C:9568H         LINE#         778
  C:9568H         LINE#         780
  C:9568H         LINE#         782
  C:9568H         LINE#         783
  C:9568H         LINE#         784
  C:9568H         LINE#         785
  C:9568H         LINE#         786
  C:956BH         LINE#         787
  C:956BH         LINE#         788
  C:957BH         LINE#         789
  C:957BH         LINE#         790
  C:9585H         LINE#         791
  C:9585H         LINE#         792
  C:9585H         LINE#         793
  C:9585H         LINE#         794
  C:9585H         LINE#         795
  C:9585H         LINE#         796
  C:9585H         LINE#         798
  C:9585H         LINE#         799
  C:9585H         LINE#         800
  C:9585H         LINE#         802
  C:9585H         LINE#         804
BL51 BANKED LINKER/LOCATER V6.22.2.0                                                  05/16/2020  14:51:05  PAGE 23


  C:9585H         LINE#         805
  C:9585H         LINE#         806
  C:9585H         LINE#         807
  C:9585H         LINE#         808
  C:9588H         LINE#         809
  C:9588H         LINE#         810
  C:9592H         LINE#         811
  C:9592H         LINE#         812
  C:9592H         LINE#         813
  C:9592H         LINE#         814
  C:9592H         LINE#         815
  C:9592H         LINE#         816
  C:9592H         LINE#         819
  C:9592H         LINE#         820
  C:9592H         LINE#         821
  C:9592H         LINE#         823
  C:9592H         LINE#         825
  C:9592H         LINE#         826
  C:9592H         LINE#         827
  C:9592H         LINE#         828
  C:9592H         LINE#         829
  C:9595H         LINE#         831
  C:9595H         LINE#         832
  C:959BH         LINE#         833
  C:959BH         LINE#         834
  C:959EH         LINE#         836
  C:95B4H         LINE#         837
  C:95C1H         LINE#         838
  C:95CEH         LINE#         839
  C:95CEH         LINE#         840
  C:95D4H         LINE#         841
  C:95D4H         LINE#         842
  C:95D7H         LINE#         844
  C:95EDH         LINE#         845
  C:95FAH         LINE#         846
  C:9607H         LINE#         847
  C:9607H         LINE#         848
  C:9610H         LINE#         849
  C:9610H         LINE#         850
  C:9612H         LINE#         851
  C:9614H         LINE#         852
  C:9616H         LINE#         853
  C:9618H         LINE#         854
  C:961AH         LINE#         855
  C:961CH         LINE#         856
  C:961EH         LINE#         857
  C:9620H         LINE#         859
  C:9623H         LINE#         860
  C:9630H         LINE#         861
  C:9642H         LINE#         862
  C:9649H         LINE#         863
  C:9650H         LINE#         864
  C:9657H         LINE#         865
  C:965EH         LINE#         866
  C:9661H         LINE#         867
  C:966EH         LINE#         868
  C:9675H         LINE#         869
BL51 BANKED LINKER/LOCATER V6.22.2.0                                                  05/16/2020  14:51:05  PAGE 24


  C:967CH         LINE#         870
  C:9683H         LINE#         871
  C:968AH         LINE#         873
  C:968DH         LINE#         875
  C:969DH         LINE#         876
  C:969DH         LINE#         877
  C:96A0H         LINE#         878
  C:96AAH         LINE#         879
  C:96AAH         LINE#         880
  C:96AAH         LINE#         881
  C:96AAH         LINE#         882
  C:96AAH         LINE#         883
  C:96AAH         LINE#         884
  C:96AAH         LINE#         886
  C:96AAH         LINE#         887
  C:96AAH         LINE#         888
  C:96AAH         LINE#         890
  C:96AAH         LINE#         892
  C:96AAH         LINE#         893
  C:96AAH         LINE#         894
  C:96AAH         LINE#         895
  C:96AAH         LINE#         896
  C:96ADH         LINE#         897
  C:96ADH         LINE#         898
  C:96BFH         LINE#         899
  C:96BFH         LINE#         900
  C:96C2H         LINE#         901
  C:96CCH         LINE#         902
  C:96CCH         LINE#         903
  C:96CCH         LINE#         904
  C:96CCH         LINE#         905
  C:96CCH         LINE#         906
  C:96CCH         LINE#         907
  C:96CCH         LINE#         909
  C:96CCH         LINE#         910
  C:96CCH         LINE#         911
  C:96CCH         LINE#         913
  C:96CCH         LINE#         915
  C:96CCH         LINE#         916
  C:96CCH         LINE#         917
  C:96CCH         LINE#         918
  C:96CCH         LINE#         919
  C:96CFH         LINE#         920
  C:96CFH         LINE#         922
  C:96D2H         LINE#         923
  C:96DCH         LINE#         924
  C:96DCH         LINE#         925
  C:96DCH         LINE#         926
  C:96DCH         LINE#         927
  C:96DCH         LINE#         928
  C:96DCH         LINE#         929
  C:96DCH         LINE#         931
  C:96DCH         LINE#         932
  C:96DCH         LINE#         933
  C:96DCH         LINE#         935
  C:96DCH         LINE#         937
  C:96DCH         LINE#         938
BL51 BANKED LINKER/LOCATER V6.22.2.0                                                  05/16/2020  14:51:05  PAGE 25


  C:96DCH         LINE#         939
  C:96DCH         LINE#         940
  C:96DCH         LINE#         941
  C:96DFH         LINE#         943
  C:96DFH         LINE#         944
  C:96E8H         LINE#         945
  C:96E8H         LINE#         946
  C:96EAH         LINE#         947
  C:96ECH         LINE#         948
  C:96EEH         LINE#         949
  C:96F0H         LINE#         950
  C:96F2H         LINE#         951
  C:96F4H         LINE#         952
  C:96F6H         LINE#         953
  C:96F8H         LINE#         955
  C:96FBH         LINE#         956
  C:9708H         LINE#         957
  C:9718H         LINE#         958
  C:971FH         LINE#         959
  C:9726H         LINE#         960
  C:972DH         LINE#         961
  C:9734H         LINE#         962
  C:9737H         LINE#         963
  C:9744H         LINE#         964
  C:974BH         LINE#         965
  C:9752H         LINE#         966
  C:9759H         LINE#         967
  C:9760H         LINE#         969
  C:9763H         LINE#         971
  C:9773H         LINE#         972
  C:9773H         LINE#         973
  C:9776H         LINE#         974
  C:9780H         LINE#         975
  C:9780H         LINE#         976
  C:9780H         LINE#         977
  C:9780H         LINE#         978
  C:9780H         LINE#         979
  C:9780H         LINE#         980
  C:9780H         LINE#         982
  C:9780H         LINE#         983
  C:9780H         LINE#         984
  C:9780H         LINE#         986
  C:9780H         LINE#         988
  C:9780H         LINE#         989
  C:9780H         LINE#         990
  C:9780H         LINE#         991
  C:9780H         LINE#         992
  C:9783H         LINE#         993
  C:9783H         LINE#         994
  C:9786H         LINE#         995
  C:9790H         LINE#         996
  C:9790H         LINE#         997
  C:9790H         LINE#         998
  C:9790H         LINE#         999
  C:9790H         LINE#         1000
  C:9790H         LINE#         1001
  C:9790H         LINE#         1003
BL51 BANKED LINKER/LOCATER V6.22.2.0                                                  05/16/2020  14:51:05  PAGE 26


  C:9790H         LINE#         1004
  C:9790H         LINE#         1005
  C:9790H         LINE#         1007
  C:9790H         LINE#         1009
  C:9790H         LINE#         1010
  C:9790H         LINE#         1011
  C:9790H         LINE#         1012
  C:9790H         LINE#         1013
  C:9793H         LINE#         1015
  C:9793H         LINE#         1016
  C:9799H         LINE#         1017
  C:9799H         LINE#         1018
  C:979CH         LINE#         1019
  C:979FH         LINE#         1020
  C:97A4H         LINE#         1021
  C:97A4H         LINE#         1022
  C:97AAH         LINE#         1023
  C:97AAH         LINE#         1024
  C:97ADH         LINE#         1025
  C:97C3H         LINE#         1026
  C:97D0H         LINE#         1027
  C:97D0H         LINE#         1028
  C:97D9H         LINE#         1029
  C:97D9H         LINE#         1030
  C:97DBH         LINE#         1031
  C:97DDH         LINE#         1032
  C:97DFH         LINE#         1033
  C:97E1H         LINE#         1034
  C:97E3H         LINE#         1035
  C:97E5H         LINE#         1036
  C:97E7H         LINE#         1037
  C:97E9H         LINE#         1039
  C:97ECH         LINE#         1040
  C:97F9H         LINE#         1041
  C:980AH         LINE#         1042
  C:9811H         LINE#         1043
  C:9818H         LINE#         1044
  C:981FH         LINE#         1045
  C:9826H         LINE#         1046
  C:9829H         LINE#         1047
  C:9836H         LINE#         1048
  C:9847H         LINE#         1049
  C:984EH         LINE#         1050
  C:9855H         LINE#         1051
  C:985CH         LINE#         1052
  C:9863H         LINE#         1054
  C:9866H         LINE#         1056
  C:987AH         LINE#         1057
  C:987AH         LINE#         1058
  C:987DH         LINE#         1059
  C:9887H         LINE#         1060
  C:9887H         LINE#         1061
  C:9887H         LINE#         1062
  C:9887H         LINE#         1063
  C:9887H         LINE#         1064
  C:9887H         LINE#         1065
  C:9887H         LINE#         1067
BL51 BANKED LINKER/LOCATER V6.22.2.0                                                  05/16/2020  14:51:05  PAGE 27


  C:9887H         LINE#         1068
  C:9887H         LINE#         1069
  C:9887H         LINE#         1071
  C:9887H         LINE#         1073
  C:9887H         LINE#         1074
  C:9887H         LINE#         1075
  C:9887H         LINE#         1076
  C:9887H         LINE#         1077
  C:9889H         LINE#         1078
  C:9889H         LINE#         1080
  C:988CH         LINE#         1081
  C:9899H         LINE#         1082
  C:98A0H         LINE#         1083
  C:98A7H         LINE#         1084
  C:98AEH         LINE#         1085
  C:98B5H         LINE#         1086
  C:98BCH         LINE#         1087
  C:98C3H         LINE#         1089
  C:98C6H         LINE#         1090
  C:98C8H         LINE#         1091
  C:98CAH         LINE#         1093
  C:98CDH         LINE#         1095
  C:98D0H         LINE#         1096
  C:98D3H         LINE#         1097
  C:98D8H         LINE#         1098
  C:98DAH         LINE#         1099
  C:98DDH         LINE#         1101
  C:98DDH         LINE#         1102
  C:98EDH         LINE#         1103
  C:98EDH         LINE#         1104
  C:98F0H         LINE#         1105
  C:98F2H         LINE#         1106
  C:98F4H         LINE#         1107
  C:98F7H         LINE#         1108
  C:98F7H         LINE#         1111
  C:98F7H         LINE#         1147
  C:98FDH         LINE#         1148
  C:98FDH         LINE#         1149
  C:9915H         LINE#         1150
  C:9915H         LINE#         1151
  C:9917H         LINE#         1152
  C:991AH         LINE#         1153
  C:991AH         LINE#         1155
  C:992CH         LINE#         1156
  C:992CH         LINE#         1157
  C:9937H         LINE#         1158
  C:993EH         LINE#         1159
  C:9949H         LINE#         1160
  C:9949H         LINE#         1161
  C:9955H         LINE#         1162
  C:9955H         LINE#         1163
  C:9960H         LINE#         1164
  C:9967H         LINE#         1165
  C:9972H         LINE#         1166
  C:9972H         LINE#         1168
  C:9984H         LINE#         1169
  C:9984H         LINE#         1170
BL51 BANKED LINKER/LOCATER V6.22.2.0                                                  05/16/2020  14:51:05  PAGE 28


  C:998FH         LINE#         1171
  C:9996H         LINE#         1172
  C:99A1H         LINE#         1173
  C:99A1H         LINE#         1174
  C:99ADH         LINE#         1175
  C:99ADH         LINE#         1176
  C:99B8H         LINE#         1177
  C:99BFH         LINE#         1178
  C:99CAH         LINE#         1179
  C:99CAH         LINE#         1181
  C:99DCH         LINE#         1182
  C:99DCH         LINE#         1183
  C:99E7H         LINE#         1184
  C:99F2H         LINE#         1185
  C:99F9H         LINE#         1186
  C:9A04H         LINE#         1187
  C:9A0FH         LINE#         1188
  C:9A0FH         LINE#         1189
  C:9A1BH         LINE#         1190
  C:9A1BH         LINE#         1191
  C:9A26H         LINE#         1192
  C:9A31H         LINE#         1193
  C:9A38H         LINE#         1194
  C:9A43H         LINE#         1195
  C:9A4EH         LINE#         1196
  C:9A4EH         LINE#         1198
  C:9A60H         LINE#         1199
  C:9A60H         LINE#         1200
  C:9A6BH         LINE#         1201
  C:9A76H         LINE#         1202
  C:9A81H         LINE#         1203
  C:9A8CH         LINE#         1205
  C:9A93H         LINE#         1207
  C:9A9EH         LINE#         1208
  C:9AA9H         LINE#         1209
  C:9AB4H         LINE#         1210
  C:9ABFH         LINE#         1212
  C:9ABFH         LINE#         1213
  C:9ACBH         LINE#         1214
  C:9ACBH         LINE#         1215
  C:9AD6H         LINE#         1216
  C:9AE1H         LINE#         1217
  C:9AECH         LINE#         1218
  C:9AF7H         LINE#         1220
  C:9AFEH         LINE#         1222
  C:9B09H         LINE#         1223
  C:9B14H         LINE#         1224
  C:9B1FH         LINE#         1225
  C:9B2AH         LINE#         1226
  C:9B2AH         LINE#         1227
  C:9B2CH         LINE#         1228
  C:9B2EH         LINE#         1229
  C:9B2EH         LINE#         1231
  C:9B35H         LINE#         1233
  C:9B3BH         LINE#         1234
  C:9B3EH         LINE#         1237
  C:9B3EH         LINE#         1238
BL51 BANKED LINKER/LOCATER V6.22.2.0                                                  05/16/2020  14:51:05  PAGE 29


  -------         ENDPROC       MAIN
  -------         ENDMOD        MAIN

  -------         MODULE        MAIN_FUNCTION
  C:0000H         SYMBOL        _ICE_DUMMY_
  C:6E01H         PUBLIC        picture_door_D_02
  C:5001H         PUBLIC        picture_door_C_03
  C:3201H         PUBLIC        picture_door_B_04
  C:1401H         PUBLIC        picture_door_A_05
  C:7101H         PUBLIC        picture_door_D_03
  C:5301H         PUBLIC        picture_door_C_04
  C:3501H         PUBLIC        picture_door_B_05
  C:1701H         PUBLIC        picture_door_A_06
  C:7401H         PUBLIC        picture_door_D_04
  C:5601H         PUBLIC        picture_door_C_05
  C:3801H         PUBLIC        picture_door_B_06
  C:1A01H         PUBLIC        picture_door_A_07
  D:0090H         PUBLIC        P1
  C:7701H         PUBLIC        picture_door_D_05
  C:5901H         PUBLIC        picture_door_C_06
  C:3B01H         PUBLIC        picture_door_B_07
  C:1D01H         PUBLIC        picture_door_A_08
  D:00A0H         PUBLIC        P2
  C:7A01H         PUBLIC        picture_door_D_06
  C:5C01H         PUBLIC        picture_door_C_07
  C:3E01H         PUBLIC        picture_door_B_08
  C:2001H         PUBLIC        picture_door_A_09
  D:00B0H         PUBLIC        P3
  C:7D01H         PUBLIC        picture_door_D_07
  C:5F01H         PUBLIC        picture_door_C_08
  C:4101H         PUBLIC        picture_door_B_09
  C:8001H         PUBLIC        picture_door_D_08
  C:6201H         PUBLIC        picture_door_C_09
  C:8301H         PUBLIC        picture_door_D_09
  B:00A8H.7       PUBLIC        EA
  C:BE93H         PUBLIC        _display_control_screen_00
  C:B89AH         PUBLIC        _display_control_screen_01
  D:00A8H         PUBLIC        IE
  B:00A0H.7       PUBLIC        options
  C:C282H         PUBLIC        UART_interrupt
  C:B024H         PUBLIC        examine_key
  B:00A8H.4       PUBLIC        ES
  D:00B8H         PUBLIC        IP
  B:0098H.0       PUBLIC        RI
  C:B6EDH         PUBLIC        _control_door
  B:0098H.1       PUBLIC        TI
  B:00B8H.4       PUBLIC        PS
  B:00A0H.0       PUBLIC        buzzer
  C:BBF2H         PUBLIC        timer0_interrupt
  D:0099H         PUBLIC        SBUF
  D:0087H         PUBLIC        PCON
  D:0098H         PUBLIC        SCON
  D:0089H         PUBLIC        TMOD
  D:0088H         PUBLIC        TCON
  C:C0C8H         PUBLIC        display_init_screen_00
  C:C078H         PUBLIC        display_init_screen_01
  B:00A0H.5       PUBLIC        back_stop
BL51 BANKED LINKER/LOCATER V6.22.2.0                                                  05/16/2020  14:51:05  PAGE 30


  C:9B41H         PUBLIC        _display_control_screen_02_00
  B:00A8H.1       PUBLIC        ET0
  C:BCBFH         PUBLIC        _display_control_screen_02_01
  C:B9CEH         PUBLIC        _display_control_screen_02_02
  D:008CH         PUBLIC        TH0
  D:008DH         PUBLIC        TH1
  D:008AH         PUBLIC        TL0
  D:008BH         PUBLIC        TL1
  C:C31FH         PUBLIC        init_UART
  B:0090H.0       PUBLIC        relay_A_open
  B:0088H.4       PUBLIC        TR0
  B:0090H.3       PUBLIC        relay_B_open
  B:0088H.6       PUBLIC        TR1
  B:0090H.6       PUBLIC        relay_C_open
  B:00B0H.5       PUBLIC        relay_D_open
  B:0090H.2       PUBLIC        relay_A_down
  C:0201H         PUBLIC        picture_init_screen00
  B:0090H.5       PUBLIC        relay_B_down
  B:00B0H.4       PUBLIC        relay_C_down
  B:00B0H.7       PUBLIC        relay_D_down
  C:0003H         PUBLIC        _send_one_byte
  D:00C8H         PUBLIC        T2CON
  B:0090H.1       PUBLIC        relay_A_stop
  B:0090H.4       PUBLIC        relay_B_stop
  B:0090H.7       PUBLIC        relay_C_stop
  B:00B0H.6       PUBLIC        relay_D_stop
  B:00A0H.6       PUBLIC        confirm
  C:BF14H         PUBLIC        examine_lock
  C:C36EH         PUBLIC        init_time0
  C:0501H         PUBLIC        picture_door_A_00
  C:2601H         PUBLIC        picture_door_B_00
  C:2301H         PUBLIC        picture_door_A_10
  C:0801H         PUBLIC        picture_door_A_01
  D:00D0H         PUBLIC        PSW
  C:4701H         PUBLIC        picture_door_C_00
  C:4401H         PUBLIC        picture_door_B_10
  C:2901H         PUBLIC        picture_door_B_01
  C:0B01H         PUBLIC        picture_door_A_02
  C:6801H         PUBLIC        picture_door_D_00
  C:6501H         PUBLIC        picture_door_C_10
  C:4A01H         PUBLIC        picture_door_C_01
  C:2C01H         PUBLIC        picture_door_B_02
  C:0E01H         PUBLIC        picture_door_A_03
  C:8601H         PUBLIC        picture_door_D_10
  C:6B01H         PUBLIC        picture_door_D_01
  C:4D01H         PUBLIC        picture_door_C_02
  C:2F01H         PUBLIC        picture_door_B_03
  C:1101H         PUBLIC        picture_door_A_04
  -------         PROC          TIMER0_INTERRUPT
  C:BBF2H         LINE#         20
  C:BC03H         LINE#         22
  C:BC06H         LINE#         23
  C:BC09H         LINE#         28
  C:BC0DH         LINE#         29
  C:BC0DH         LINE#         30
  C:BC0FH         LINE#         32
  C:BC1DH         LINE#         33
BL51 BANKED LINKER/LOCATER V6.22.2.0                                                  05/16/2020  14:51:05  PAGE 31


  C:BC1FH         LINE#         34
  C:BC3EH         LINE#         35
  C:BC3EH         LINE#         36
  C:BC40H         LINE#         37
  C:BC48H         LINE#         38
  C:BC48H         LINE#         39
  C:BC4BH         LINE#         40
  C:BC4DH         LINE#         42
  C:BC4DH         LINE#         43
  C:BC4DH         LINE#         44
  C:BC4DH         LINE#         48
  C:BC50H         LINE#         49
  C:BC52H         LINE#         53
  C:BC55H         LINE#         54
  C:BC57H         LINE#         58
  C:BC5AH         LINE#         59
  C:BC5CH         LINE#         60
  C:BC6AH         LINE#         61
  C:BC6AH         LINE#         64
  C:BC6CH         LINE#         66
  C:BC6FH         LINE#         67
  C:BC72H         LINE#         68
  C:BC75H         LINE#         70
  C:BC7BH         LINE#         71
  C:BC7EH         LINE#         72
  C:BC81H         LINE#         73
  C:BC84H         LINE#         75
  C:BC87H         LINE#         76
  C:BC8AH         LINE#         77
  C:BC8DH         LINE#         78
  C:BC90H         LINE#         79
  C:BC93H         LINE#         80
  C:BC96H         LINE#         81
  C:BC99H         LINE#         82
  C:BC9CH         LINE#         84
  C:BC9FH         LINE#         85
  C:BCA2H         LINE#         86
  C:BCA5H         LINE#         88
  C:BCA8H         LINE#         89
  C:BCABH         LINE#         90
  C:BCAEH         LINE#         92
  C:BCB0H         LINE#         96
  C:BCB0H         LINE#         99
  -------         ENDPROC       TIMER0_INTERRUPT
  -------         PROC          EXAMINE_LOCK
  C:BF14H         LINE#         103
  C:BF14H         LINE#         104
  C:BF14H         LINE#         105
  C:BF17H         LINE#         106
  C:BF17H         LINE#         108
  C:BF1AH         LINE#         109
  C:BF1AH         LINE#         110
  C:BF21H         LINE#         111
  C:BF31H         LINE#         112
  C:BF33H         LINE#         113
  C:BF33H         LINE#         115
  C:BF45H         LINE#         116
BL51 BANKED LINKER/LOCATER V6.22.2.0                                                  05/16/2020  14:51:05  PAGE 32


  C:BF45H         LINE#         117
  C:BF56H         LINE#         118
  C:BF56H         LINE#         119
  C:BF5AH         LINE#         120
  C:BF5CH         LINE#         121
  C:BF5EH         LINE#         122
  C:BF60H         LINE#         123
  C:BF62H         LINE#         135
  C:BF65H         LINE#         136
  C:BF68H         LINE#         137
  C:BF6BH         LINE#         138
  C:BF6BH         LINE#         139
  C:BF71H         LINE#         140
  C:BF71H         LINE#         141
  C:BF75H         LINE#         142
  C:BF77H         LINE#         144
  C:BF79H         LINE#         145
  C:BF7BH         LINE#         146
  C:BF7DH         LINE#         147
  C:BF7FH         LINE#         148
  C:BF81H         LINE#         149
  C:BF83H         LINE#         150
  C:BF85H         LINE#         151
  C:BF87H         LINE#         153
  C:BF8AH         LINE#         154
  C:BF8DH         LINE#         155
  C:BF8FH         LINE#         157
  C:BF8FH         LINE#         158
  C:BF8FH         LINE#         159
  C:BF8FH         LINE#         162
  -------         ENDPROC       EXAMINE_LOCK
  -------         PROC          EXAMINE_KEY
  C:B024H         LINE#         180
  C:B024H         LINE#         181
  C:B024H         LINE#         182
  C:B02AH         LINE#         183
  C:B02AH         LINE#         184
  C:B031H         LINE#         185
  C:B037H         LINE#         186
  C:B037H         LINE#         187
  C:B039H         LINE#         188
  C:B03CH         LINE#         189
  C:B044H         LINE#         190
  C:B046H         LINE#         191
  C:B070H         LINE#         192
  C:B070H         LINE#         193
  C:B073H         LINE#         195
  C:B079H         LINE#         196
  C:B079H         LINE#         197
  C:B07CH         LINE#         198
  C:B07FH         LINE#         199
  C:B084H         LINE#         200
  C:B084H         LINE#         201
  C:B08AH         LINE#         202
  C:B08AH         LINE#         203
  C:B08DH         LINE#         204
  C:B090H         LINE#         205
BL51 BANKED LINKER/LOCATER V6.22.2.0                                                  05/16/2020  14:51:05  PAGE 33


  C:B095H         LINE#         206
  C:B095H         LINE#         207
  C:B09BH         LINE#         208
  C:B09BH         LINE#         209
  C:B09EH         LINE#         210
  C:B0A1H         LINE#         211
  C:B0A6H         LINE#         212
  C:B0A6H         LINE#         216
  C:B0ACH         LINE#         217
  C:B0ACH         LINE#         218
  C:B0AFH         LINE#         219
  C:B0B2H         LINE#         220
  C:B0B7H         LINE#         221
  C:B0B7H         LINE#         222
  C:B0BDH         LINE#         223
  C:B0BDH         LINE#         224
  C:B0C0H         LINE#         225
  C:B0C3H         LINE#         226
  C:B0C8H         LINE#         227
  C:B0C8H         LINE#         231
  C:B0CEH         LINE#         232
  C:B0CEH         LINE#         233
  C:B0D1H         LINE#         234
  C:B0D4H         LINE#         235
  C:B0D9H         LINE#         236
  C:B0D9H         LINE#         237
  C:B0D9H         LINE#         241
  C:B0E5H         LINE#         242
  C:B0E9H         LINE#         243
  C:B0F7H         LINE#         244
  C:B0FCH         LINE#         245
  C:B10AH         LINE#         246
  C:B10FH         LINE#         247
  C:B11DH         LINE#         248
  C:B122H         LINE#         251
  C:B130H         LINE#         252
  C:B135H         LINE#         253
  C:B143H         LINE#         254
  C:B148H         LINE#         255
  C:B156H         LINE#         256
  C:B15BH         LINE#         257
  C:B169H         LINE#         258
  C:B16EH         LINE#         260
  C:B185H         LINE#         261
  C:B185H         LINE#         262
  C:B18AH         LINE#         263
  C:B18CH         LINE#         264
  C:B18EH         LINE#         265
  C:B190H         LINE#         267
  C:B192H         LINE#         268
  C:B194H         LINE#         269
  C:B196H         LINE#         271
  C:B196H         LINE#         272
  C:B196H         LINE#         273
  C:B199H         LINE#         274
  C:B19BH         LINE#         275
  C:B19BH         LINE#         276
BL51 BANKED LINKER/LOCATER V6.22.2.0                                                  05/16/2020  14:51:05  PAGE 34


  C:B1A1H         LINE#         277
  C:B1A1H         LINE#         278
  C:B1A8H         LINE#         279
  C:B1AEH         LINE#         280
  C:B1AEH         LINE#         281
  C:B1B0H         LINE#         282
  C:B1B3H         LINE#         283
  C:B1B5H         LINE#         284
  C:B1D6H         LINE#         285
  C:B1D6H         LINE#         286
  C:B1D8H         LINE#         288
  C:B1E4H         LINE#         289
  C:B1E6H         LINE#         290
  C:B1F8H         LINE#         291
  C:B1FAH         LINE#         293
  C:B1FDH         LINE#         295
  C:B1FDH         LINE#         297
  C:B1FFH         LINE#         299
  C:B202H         LINE#         301
  C:B20BH         LINE#         302
  C:B210H         LINE#         303
  C:B21CH         LINE#         304
  C:B221H         LINE#         305
  C:B22DH         LINE#         306
  C:B232H         LINE#         308
  C:B241H         LINE#         309
  C:B246H         LINE#         310
  C:B252H         LINE#         311
[...]
  C:A10FH         LINE#         657
  C:A113H         LINE#         658
BL51 BANKED LINKER/LOCATER V6.22.2.0                                                  05/16/2020  14:51:05  PAGE 40


  C:A113H         LINE#         659
  C:A116H         LINE#         660
  C:A123H         LINE#         662
  C:A126H         LINE#         663
  C:A133H         LINE#         664
  C:A133H         LINE#         665
  C:A139H         LINE#         666
  C:A13CH         LINE#         667
  C:A142H         LINE#         668
  C:A14EH         LINE#         669
  C:A154H         LINE#         670
  C:A157H         LINE#         671
  C:A15DH         LINE#         672
  C:A169H         LINE#         673
  C:A169H         LINE#         674
  C:A182H         LINE#         675
  C:A182H         LINE#         676
  C:A186H         LINE#         677
  C:A186H         LINE#         678
  C:A189H         LINE#         679
  C:A196H         LINE#         681
  C:A199H         LINE#         682
  C:A1A6H         LINE#         683
  C:A1A6H         LINE#         684
  C:A1ACH         LINE#         685
  C:A1B8H         LINE#         686
  C:A1BEH         LINE#         687
  C:A1CAH         LINE#         688
  C:A1D0H         LINE#         689
  C:A1DCH         LINE#         690
  C:A1E2H         LINE#         691
  C:A1EEH         LINE#         692
  C:A1F4H         LINE#         693
  C:A200H         LINE#         694
  C:A206H         LINE#         695
  C:A212H         LINE#         696
  C:A218H         LINE#         697
  C:A224H         LINE#         698
  C:A22AH         LINE#         699
  C:A236H         LINE#         700
  C:A23CH         LINE#         701
  C:A248H         LINE#         702
  C:A24EH         LINE#         703
  C:A25AH         LINE#         704
  C:A25AH         LINE#         705
  C:A25AH         LINE#         707
  C:A263H         LINE#         708
  C:A263H         LINE#         709
  C:A27CH         LINE#         710
  C:A27CH         LINE#         711
  C:A280H         LINE#         712
  C:A280H         LINE#         713
  C:A283H         LINE#         714
  C:A290H         LINE#         716
  C:A293H         LINE#         717
  C:A2A0H         LINE#         718
  C:A2A0H         LINE#         719
BL51 BANKED LINKER/LOCATER V6.22.2.0                                                  05/16/2020  14:51:05  PAGE 41


  C:A2A6H         LINE#         720
  C:A2B2H         LINE#         721
  C:A2B8H         LINE#         722
  C:A2C4H         LINE#         723
  C:A2CAH         LINE#         724
  C:A2D6H         LINE#         725
  C:A2DCH         LINE#         726
  C:A2E8H         LINE#         727
  C:A2EEH         LINE#         728
  C:A2FAH         LINE#         729
  C:A300H         LINE#         730
  C:A30CH         LINE#         731
  C:A312H         LINE#         732
  C:A31EH         LINE#         733
  C:A324H         LINE#         734
  C:A330H         LINE#         735
  C:A336H         LINE#         736
  C:A342H         LINE#         737
  C:A348H         LINE#         738
  C:A354H         LINE#         739
  C:A354H         LINE#         740
  C:A36AH         LINE#         741
  C:A36AH         LINE#         742
  C:A36EH         LINE#         743
  C:A36EH         LINE#         744
  C:A371H         LINE#         745
  C:A37EH         LINE#         747
  C:A381H         LINE#         748
  C:A38EH         LINE#         749
  C:A38EH         LINE#         750
  C:A394H         LINE#         751
  C:A397H         LINE#         752
  C:A39DH         LINE#         753
  C:A3A9H         LINE#         754
  C:A3AFH         LINE#         755
  C:A3B2H         LINE#         756
  C:A3B8H         LINE#         757
  C:A3C4H         LINE#         758
  C:A3C4H         LINE#         759
  C:A3DDH         LINE#         760
  C:A3DDH         LINE#         761
  C:A3E1H         LINE#         762
  C:A3E1H         LINE#         763
  C:A3E4H         LINE#         764
  C:A3F1H         LINE#         766
  C:A3F4H         LINE#         767
  C:A401H         LINE#         768
  C:A401H         LINE#         769
  C:A407H         LINE#         770
  C:A413H         LINE#         771
  C:A419H         LINE#         772
  C:A425H         LINE#         773
  C:A42BH         LINE#         774
  C:A437H         LINE#         775
  C:A43DH         LINE#         776
  C:A449H         LINE#         777
  C:A44FH         LINE#         778
BL51 BANKED LINKER/LOCATER V6.22.2.0                                                  05/16/2020  14:51:05  PAGE 42


  C:A45BH         LINE#         779
  C:A461H         LINE#         780
  C:A46DH         LINE#         781
  C:A473H         LINE#         782
  C:A47FH         LINE#         783
  C:A485H         LINE#         784
  C:A491H         LINE#         785
  C:A497H         LINE#         786
  C:A4A3H         LINE#         787
  C:A4A9H         LINE#         788
  C:A4B5H         LINE#         789
  C:A4B5H         LINE#         790
  C:A4B5H         LINE#         792
  -------         ENDPROC       _DISPLAY_CONTROL_SCREEN_02_00
  -------         PROC          _DISPLAY_CONTROL_SCREEN_02_01
  D:0053H         SYMBOL        cmd
  C:BCBFH         LINE#         796
  C:BCC5H         LINE#         797
  C:BCC5H         LINE#         798
  C:BCC8H         LINE#         799
  C:BCD5H         LINE#         800
  C:BCE2H         LINE#         801
  C:BCEFH         LINE#         802
  C:BCFCH         LINE#         803
  C:BD12H         LINE#         804
  C:BD1DH         LINE#         805
  C:BD33H         LINE#         806
  C:BD3FH         LINE#         807
  C:BD55H         LINE#         808
  C:BD61H         LINE#         809
  C:BD77H         LINE#         810
  C:BD83H         LINE#         811
  -------         ENDPROC       _DISPLAY_CONTROL_SCREEN_02_01
  -------         PROC          _DISPLAY_CONTROL_SCREEN_02_02
  D:0053H         SYMBOL        cmd
  C:B9CEH         LINE#         813
  C:B9D4H         LINE#         814
  C:B9D4H         LINE#         815
  C:B9D7H         LINE#         816
  C:B9E3H         LINE#         817
  C:B9F0H         LINE#         818
  C:B9FDH         LINE#         819
  C:BA0AH         LINE#         820
  C:BA17H         LINE#         821
  C:BA24H         LINE#         822
  C:BA31H         LINE#         823
  C:BA47H         LINE#         824
  C:BA53H         LINE#         825
  C:BA69H         LINE#         826
  C:BA75H         LINE#         827
  C:BA8BH         LINE#         828
  C:BA97H         LINE#         829
  C:BAADH         LINE#         830
  C:BABAH         LINE#         831
  C:BAD0H         LINE#         832
  C:BADDH         LINE#         833
  C:BAF3H         LINE#         834
BL51 BANKED LINKER/LOCATER V6.22.2.0                                                  05/16/2020  14:51:05  PAGE 43


  C:BB00H         LINE#         836
  -------         ENDPROC       _DISPLAY_CONTROL_SCREEN_02_02
  -------         PROC          _CONTROL_DOOR
  D:0053H         SYMBOL        door
  D:0054H         SYMBOL        cmd
  C:B6EDH         LINE#         839
  C:B6F5H         LINE#         840
  C:B6F5H         LINE#         841
  C:B6FBH         LINE#         842
  C:B6FBH         LINE#         843
  C:B711H         LINE#         844
  C:B711H         LINE#         845
  C:B713H         LINE#         846
  C:B71AH         LINE#         847
  C:B71CH         LINE#         848
  C:B71CH         LINE#         849
  C:B732H         LINE#         850
  C:B732H         LINE#         851
  C:B734H         LINE#         852
  C:B73BH         LINE#         853
  C:B73DH         LINE#         854
  C:B73DH         LINE#         855
  C:B753H         LINE#         856
  C:B753H         LINE#         857
  C:B755H         LINE#         858
  C:B75CH         LINE#         859
  C:B75EH         LINE#         860
  C:B75EH         LINE#         861
  C:B75EH         LINE#         862
  C:B764H         LINE#         863
  C:B764H         LINE#         864
  C:B77AH         LINE#         865
  C:B77AH         LINE#         866
  C:B77CH         LINE#         867
  C:B783H         LINE#         868
  C:B785H         LINE#         869
  C:B785H         LINE#         870
  C:B79BH         LINE#         871
  C:B79BH         LINE#         872
  C:B79DH         LINE#         873
  C:B7A4H         LINE#         874
  C:B7A6H         LINE#         875
  C:B7A6H         LINE#         876
  C:B7BCH         LINE#         877
  C:B7BCH         LINE#         878
  C:B7BEH         LINE#         879
  C:B7C5H         LINE#         880
  C:B7C7H         LINE#         881
  C:B7C7H         LINE#         882
  C:B7C7H         LINE#         883
  C:B7CDH         LINE#         884
  C:B7CDH         LINE#         885
  C:B7E3H         LINE#         886
  C:B7E3H         LINE#         887
  C:B7E5H         LINE#         888
  C:B7ECH         LINE#         889
  C:B7EEH         LINE#         890
BL51 BANKED LINKER/LOCATER V6.22.2.0                                                  05/16/2020  14:51:05  PAGE 44


  C:B7EEH         LINE#         891
  C:B804H         LINE#         892
  C:B804H         LINE#         893
  C:B806H         LINE#         894
  C:B80DH         LINE#         895
  C:B80FH         LINE#         896
  C:B80FH         LINE#         897
  C:B825H         LINE#         898
  C:B825H         LINE#         899
  C:B827H         LINE#         900
  C:B82EH         LINE#         901
  C:B830H         LINE#         902
  C:B830H         LINE#         903
  C:B830H         LINE#         904
  C:B836H         LINE#         905
  C:B836H         LINE#         906
  C:B84CH         LINE#         907
  C:B84CH         LINE#         908
  C:B84EH         LINE#         909
  C:B855H         LINE#         910
  C:B857H         LINE#         911
  C:B857H         LINE#         912
  C:B86DH         LINE#         913
  C:B86DH         LINE#         914
  C:B86FH         LINE#         915
  C:B876H         LINE#         916
  C:B878H         LINE#         917
  C:B878H         LINE#         918
  C:B88EH         LINE#         919
  C:B88EH         LINE#         920
  C:B890H         LINE#         921
  C:B897H         LINE#         922
  C:B899H         LINE#         923
  C:B899H         LINE#         924
  C:B899H         LINE#         926
  -------         ENDPROC       _CONTROL_DOOR
  -------         PROC          INIT_UART
  C:C31FH         LINE#         929
  C:C31FH         LINE#         930
  C:C31FH         LINE#         931
  C:C322H         LINE#         932
  C:C325H         LINE#         933
  C:C328H         LINE#         934
  C:C32BH         LINE#         935
  C:C32EH         LINE#         936
  C:C330H         LINE#         937
  C:C332H         LINE#         938
  C:C334H         LINE#         940
  C:C336H         LINE#         941
  -------         ENDPROC       INIT_UART
  -------         PROC          INIT_TIME0
  C:C36EH         LINE#         942
  C:C36EH         LINE#         943
  C:C36EH         LINE#         944
  C:C371H         LINE#         945
  C:C374H         LINE#         946
  C:C377H         LINE#         947
BL51 BANKED LINKER/LOCATER V6.22.2.0                                                  05/16/2020  14:51:05  PAGE 45


  C:C379H         LINE#         948
  C:C37BH         LINE#         949
  C:C37DH         LINE#         950
  -------         ENDPROC       INIT_TIME0
  -------         PROC          _SEND_ONE_BYTE
  D:0007H         SYMBOL        c
  C:0003H         LINE#         952
  C:0003H         LINE#         953
  C:0003H         LINE#         954
  C:0005H         LINE#         955
  C:0008H         LINE#         956
  C:000AH         LINE#         957
  -------         ENDPROC       _SEND_ONE_BYTE
  -------         PROC          UART_INTERRUPT
  -------         DO            
  D:0008H         SYMBOL        i
  -------         ENDDO         
  C:C282H         LINE#         959
  C:C28BH         LINE#         962
  C:C28EH         LINE#         963
  C:C28EH         LINE#         964
  C:C290H         LINE#         965
  C:C297H         LINE#         966
  C:C299H         LINE#         967
  C:C29FH         LINE#         968
  C:C2A1H         LINE#         969
  C:C2A1H         LINE#         970
  -------         ENDPROC       UART_INTERRUPT
  -------         ENDMOD        MAIN_FUNCTION

  -------         MODULE        ZW_SZM201
  C:0000H         SYMBOL        _ICE_DUMMY_
  D:0090H         PUBLIC        P1
  D:00A0H         PUBLIC        P2
  D:00B0H         PUBLIC        P3
  D:00A8H         PUBLIC        IE
  D:00B8H         PUBLIC        IP
  D:0098H         PUBLIC        SCON
  D:0088H         PUBLIC        TCON
  C:B2E9H         PUBLIC        _ZW_SZW201_cmd
  D:00C8H         PUBLIC        T2CON
  D:00D0H         PUBLIC        PSW
  -------         PROC          _ZW_SZW201_CMD
  D:0053H         SYMBOL        parameter_1
  D:0054H         SYMBOL        parameter_2
  D:0055H         SYMBOL        parameter_3
  D:0056H         SYMBOL        cmd
  -------         DO            
  D:0059H         SYMBOL        CHK
  -------         ENDDO         
  C:B2E9H         LINE#         13
  C:B2EFH         LINE#         14
  C:B2EFH         LINE#         15
  C:B2F2H         LINE#         16
  C:B308H         LINE#         17
  C:B308H         LINE#         18
  C:B30DH         LINE#         19
BL51 BANKED LINKER/LOCATER V6.22.2.0                                                  05/16/2020  14:51:05  PAGE 46


  C:B312H         LINE#         20
  C:B317H         LINE#         21
  C:B31CH         LINE#         22
  C:B321H         LINE#         23
  C:B326H         LINE#         24
  C:B32BH         LINE#         25
  C:B330H         LINE#         26
  C:B330H         LINE#         27
  C:B346H         LINE#         28
  C:B346H         LINE#         29
  C:B34BH         LINE#         30
  C:B350H         LINE#         31
  C:B355H         LINE#         32
  C:B35AH         LINE#         33
  C:B35FH         LINE#         34
  C:B364H         LINE#         35
  C:B369H         LINE#         36
  C:B36EH         LINE#         37
  C:B36EH         LINE#         40
  C:B384H         LINE#         41
  C:B384H         LINE#         42
  C:B38EH         LINE#         43
  C:B393H         LINE#         44
  C:B398H         LINE#         45
  C:B39DH         LINE#         46
  C:B3A2H         LINE#         47
  C:B3A7H         LINE#         48
  C:B3ACH         LINE#         49
  C:B3B1H         LINE#         50
  C:B3B6H         LINE#         51
  C:B3B6H         LINE#         52
  C:B3CCH         LINE#         53
  C:B3CCH         LINE#         54
  C:B3D6H         LINE#         55
  C:B3DBH         LINE#         56
  C:B3E0H         LINE#         57
  C:B3E5H         LINE#         58
  C:B3EAH         LINE#         59
  C:B3EFH         LINE#         60
  C:B3F4H         LINE#         61
  C:B3F9H         LINE#         62
  C:B3FEH         LINE#         63
  C:B3FEH         LINE#         64
  C:B414H         LINE#         65
  C:B414H         LINE#         66
  C:B41EH         LINE#         67
  C:B423H         LINE#         68
  C:B428H         LINE#         69
  C:B42DH         LINE#         70
  C:B432H         LINE#         71
  C:B437H         LINE#         72
  C:B43CH         LINE#         73
  C:B441H         LINE#         74
  C:B446H         LINE#         75
  C:B446H         LINE#         76
  C:B45CH         LINE#         77
  C:B45CH         LINE#         78
BL51 BANKED LINKER/LOCATER V6.22.2.0                                                  05/16/2020  14:51:05  PAGE 47


  C:B464H         LINE#         79
  C:B469H         LINE#         80
  C:B46EH         LINE#         81
  C:B473H         LINE#         82
  C:B478H         LINE#         83
  C:B47DH         LINE#         84
  C:B482H         LINE#         85
  C:B487H         LINE#         86
  C:B48CH         LINE#         87
  C:B48CH         LINE#         88
  C:B4A2H         LINE#         89
  C:B4A2H         LINE#         90
  C:B4A7H         LINE#         91
  C:B4ACH         LINE#         92
  C:B4B1H         LINE#         93
  C:B4B6H         LINE#         94
  C:B4BBH         LINE#         95
  C:B4C0H         LINE#         96
  C:B4C5H         LINE#         97
  C:B4CAH         LINE#         98
  C:B4CAH         LINE#         99
  C:B4E0H         LINE#         100
  C:B4E0H         LINE#         101
  C:B4E6H         LINE#         102
  C:B4EBH         LINE#         103
  C:B4F0H         LINE#         104
  C:B4F5H         LINE#         105
  C:B4FAH         LINE#         106
  C:B4FFH         LINE#         107
  C:B504H         LINE#         108
  C:B509H         LINE#         109
  C:B50EH         LINE#         110
  C:B50EH         LINE#         113
  -------         ENDPROC       _ZW_SZW201_CMD
  -------         ENDMOD        ZW_SZM201

  -------         MODULE        ?C?FPMUL
  C:A4B6H         PUBLIC        ?C?FPMUL
  -------         ENDMOD        ?C?FPMUL

  -------         MODULE        ?C?FCAST
  C:A5C6H         PUBLIC        ?C?FCASTC
  C:A5C1H         PUBLIC        ?C?FCASTI
  C:A5BCH         PUBLIC        ?C?FCASTL
  -------         ENDMOD        ?C?FCAST

  -------         MODULE        PRINTF
  D:0053H         PUBLIC        ?_PRINTF?BYTE
  D:0053H         PUBLIC        ?_SPRINTF?BYTE
  C:AC17H         PUBLIC        _PRINTF
  C:AC11H         PUBLIC        _SPRINTF
  -------         ENDMOD        PRINTF

  -------         MODULE        ?C?FPROUND
  C:A644H         PUBLIC        ?C?FPROUND
  -------         ENDMOD        ?C?FPROUND

BL51 BANKED LINKER/LOCATER V6.22.2.0                                                  05/16/2020  14:51:05  PAGE 48


  -------         MODULE        ?C?FPCONVERT
  C:A673H         PUBLIC        ?C?FPCONVERT
  -------         ENDMOD        ?C?FPCONVERT

  -------         MODULE        ?C?FPADD
  C:A77DH         PUBLIC        ?C?FPADD
  C:A779H         PUBLIC        ?C?FPSUB
  -------         ENDMOD        ?C?FPADD

  -------         MODULE        ?C?FPDIV
  C:A871H         PUBLIC        ?C?FPDIV
  -------         ENDMOD        ?C?FPDIV

  -------         MODULE        ?C?FTNPWR
  C:A93EH         PUBLIC        ?C?FTNPWR
  -------         ENDMOD        ?C?FTNPWR

  -------         MODULE        ?C?CLDPTR
  C:A97EH         PUBLIC        ?C?CLDPTR
  -------         ENDMOD        ?C?CLDPTR

  -------         MODULE        ?C?CLDOPTR
  C:A997H         PUBLIC        ?C?CLDOPTR
  -------         ENDMOD        ?C?CLDOPTR

  -------         MODULE        ?C?CSTPTR
  C:A9C4H         PUBLIC        ?C?CSTPTR
  -------         ENDMOD        ?C?CSTPTR

  -------         MODULE        ?C?LNEG
  C:A9D6H         PUBLIC        ?C?LNEG
  -------         ENDMOD        ?C?LNEG

  -------         MODULE        ?C?PLDIIDATA
  C:A9E4H         PUBLIC        ?C?PLDIIDATA
  -------         ENDMOD        ?C?PLDIIDATA

  -------         MODULE        ?C?CCASE
  C:A9F4H         PUBLIC        ?C?CCASE
  -------         ENDMOD        ?C?CCASE

  -------         MODULE        PUTCHAR
  C:C25BH         PUBLIC        _PUTCHAR
  -------         ENDMOD        PUTCHAR

  -------         MODULE        ?C?STRCMP
  C:AB98H         PUBLIC        ?C?STRCMP
  -------         ENDMOD        ?C?STRCMP

  -------         MODULE        STRLEN
  C:000EH         PUBLIC        _STRLEN
  -------         ENDMOD        STRLEN

Program Size: data=88.7 xdata=0 code=50083
LINK/LOCATE RUN COMPLETE.  0 WARNING(S),  0 ERROR(S)
